22:04:11 [turn] sampling 200000 canonical classes
22:04:13 [turn] computing EHS² histograms (100 MC samples each)
22:05:28 [turn] 1000/200000 classes (13/s, ETA 248.8min)
22:06:55 [turn] 2000/200000 classes (12/s, ETA 267.1min)
22:08:25 [turn] 3000/200000 classes (12/s, ETA 276.2min)
22:09:45 [turn] 4000/200000 classes (12/s, ETA 271.4min)
22:11:05 [turn] 5000/200000 classes (12/s, ETA 268.1min)
22:12:27 [turn] 6000/200000 classes (12/s, ETA 266.2min)
22:13:53 [turn] 7000/200000 classes (12/s, ETA 266.4min)
22:15:28 [turn] 8000/200000 classes (12/s, ETA 270.1min)
22:17:11 [turn] 9000/200000 classes (12/s, ETA 275.0min)
22:18:47 [turn] 10000/200000 classes (11/s, ETA 276.9min)
22:35:49 [turn] 11000/200000 classes (11/s, ETA 285.2min)
22:37:36 [turn] 12000/200000 classes (11/s, ETA 287.9min)
22:39:26 [turn] 13000/200000 classes (11/s, ETA 290.9min)
22:41:19 [turn] 14000/200000 classes (11/s, ETA 293.5min)
22:43:42 [turn] 15000/200000 classes (10/s, ETA 302.0min)
22:46:16 [turn] 16000/200000 classes (10/s, ETA 311.0min)
22:48:53 [turn] 17000/200000 classes (10/s, ETA 319.4min)
22:51:35 [turn] 18000/200000 classes (9/s, ETA 327.3min)
22:54:13 [turn] 19000/200000 classes (9/s, ETA 333.5min)
22:56:47 [turn] 20000/200000 classes (9/s, ETA 338.1min)
22:59:30 [turn] 21000/200000 classes (9/s, ETA 343.4min)
23:02:02 [turn] 22000/200000 classes (9/s, ETA 346.4min)
23:04:22 [turn] 23000/200000 classes (8/s, ETA 347.5min)
23:06:38 [turn] 24000/200000 classes (8/s, ETA 347.7min)
23:08:55 [turn] 25000/200000 classes (8/s, ETA 348.0min)
23:11:14 [turn] 26000/200000 classes (8/s, ETA 348.1min)
23:13:16 [turn] 27000/200000 classes (8/s, ETA 346.3min)
23:15:00 [turn] 28000/200000 classes (8/s, ETA 342.7min)
23:16:43 [turn] 29000/200000 classes (8/s, ETA 339.1min)
23:18:24 [turn] 30000/200000 classes (8/s, ETA 335.4min)
23:20:11 [turn] 31000/200000 classes (8/s, ETA 332.4min)
23:21:57 [turn] 32000/200000 classes (9/s, ETA 329.3min)
23:23:42 [turn] 33000/200000 classes (9/s, ETA 326.3min)
23:25:44 [turn] 34000/200000 classes (9/s, ETA 324.7min)
23:27:42 [turn] 35000/200000 classes (9/s, ETA 322.9min)
23:29:37 [turn] 36000/200000 classes (9/s, ETA 320.7min)
23:31:31 [turn] 37000/200000 classes (9/s, ETA 318.5min)
23:33:26 [turn] 38000/200000 classes (9/s, ETA 316.4min)
23:35:20 [turn] 39000/200000 classes (9/s, ETA 314.2min)
23:37:15 [turn] 40000/200000 classes (9/s, ETA 312.1min)
23:39:14 [turn] 41000/200000 classes (9/s, ETA 310.3min)
23:41:15 [turn] 42000/200000 classes (9/s, ETA 308.6min)
23:43:11 [turn] 43000/200000 classes (9/s, ETA 306.6min)
23:45:06 [turn] 44000/200000 classes (9/s, ETA 304.5min)
23:47:01 [turn] 45000/200000 classes (9/s, ETA 302.4min)
23:48:55 [turn] 46000/200000 classes (9/s, ETA 300.3min)
23:50:50 [turn] 47000/200000 classes (9/s, ETA 298.2min)
23:52:45 [turn] 48000/200000 classes (9/s, ETA 296.2min)
23:54:40 [turn] 49000/200000 classes (9/s, ETA 294.1min)
23:56:38 [turn] 50000/200000 classes (9/s, ETA 292.3min)
23:58:39 [turn] 51000/200000 classes (9/s, ETA 290.5min)
00:00:32 [turn] 52000/200000 classes (9/s, ETA 288.4min)
00:02:31 [turn] 53000/200000 classes (9/s, ETA 286.5min)
00:04:25 [turn] 54000/200000 classes (9/s, ETA 284.4min)
00:06:24 [turn] 55000/200000 classes (9/s, ETA 282.6min)
00:08:29 [turn] 56000/200000 classes (9/s, ETA 281.0min)
00:10:33 [turn] 57000/200000 classes (9/s, ETA 279.3min)
00:12:37 [turn] 58000/200000 classes (9/s, ETA 277.6min)
00:14:43 [turn] 59000/200000 classes (9/s, ETA 276.0min)
00:16:48 [turn] 60000/200000 classes (9/s, ETA 274.3min)
00:18:51 [turn] 61000/200000 classes (8/s, ETA 272.6min)
00:21:04 [turn] 62000/200000 classes (8/s, ETA 271.2min)
00:23:10 [turn] 63000/200000 classes (8/s, ETA 269.5min)
00:25:01 [turn] 64000/200000 classes (8/s, ETA 267.3min)
00:26:40 [turn] 65000/200000 classes (8/s, ETA 264.7min)
00:28:19 [turn] 66000/200000 classes (9/s, ETA 262.1min)
00:30:05 [turn] 67000/200000 classes (9/s, ETA 259.8min)
00:32:01 [turn] 68000/200000 classes (9/s, ETA 257.8min)
00:33:55 [turn] 69000/200000 classes (9/s, ETA 255.7min)
00:35:50 [turn] 70000/200000 classes (9/s, ETA 253.7min)
00:37:49 [turn] 71000/200000 classes (9/s, ETA 251.8min)
00:39:44 [turn] 72000/200000 classes (9/s, ETA 249.8min)
00:41:44 [turn] 73000/200000 classes (9/s, ETA 247.9min)
00:43:40 [turn] 74000/200000 classes (9/s, ETA 245.9min)
00:45:41 [turn] 75000/200000 classes (9/s, ETA 244.1min)
00:47:41 [turn] 76000/200000 classes (9/s, ETA 242.2min)
00:49:37 [turn] 77000/200000 classes (9/s, ETA 240.3min)
00:51:32 [turn] 78000/200000 classes (9/s, ETA 238.2min)
00:53:26 [turn] 79000/200000 classes (9/s, ETA 236.2min)
00:55:21 [turn] 80000/200000 classes (9/s, ETA 234.2min)
00:57:19 [turn] 81000/200000 classes (9/s, ETA 232.3min)
00:59:13 [turn] 82000/200000 classes (9/s, ETA 230.2min)
01:01:08 [turn] 83000/200000 classes (9/s, ETA 228.3min)
01:03:08 [turn] 84000/200000 classes (9/s, ETA 226.4min)
01:05:02 [turn] 85000/200000 classes (9/s, ETA 224.3min)
01:06:57 [turn] 86000/200000 classes (9/s, ETA 222.3min)
01:08:58 [turn] 87000/200000 classes (9/s, ETA 220.5min)
01:10:54 [turn] 88000/200000 classes (9/s, ETA 218.5min)
01:12:48 [turn] 89000/200000 classes (9/s, ETA 216.5min)
01:14:43 [turn] 90000/200000 classes (9/s, ETA 214.5min)
01:16:43 [turn] 91000/200000 classes (9/s, ETA 212.6min)
01:18:42 [turn] 92000/200000 classes (9/s, ETA 210.7min)
01:20:38 [turn] 93000/200000 classes (9/s, ETA 208.7min)
01:22:37 [turn] 94000/200000 classes (9/s, ETA 206.8min)
01:24:31 [turn] 95000/200000 classes (9/s, ETA 204.8min)
01:26:29 [turn] 96000/200000 classes (9/s, ETA 202.9min)
01:28:24 [turn] 97000/200000 classes (9/s, ETA 200.9min)
01:30:20 [turn] 98000/200000 classes (9/s, ETA 198.9min)
01:32:15 [turn] 99000/200000 classes (9/s, ETA 196.9min)
01:34:04 [turn] 100000/200000 classes (9/s, ETA 194.9min)
01:35:55 [turn] 101000/200000 classes (9/s, ETA 192.8min)
01:37:34 [turn] 102000/200000 classes (9/s, ETA 190.6min)
01:39:20 [turn] 103000/200000 classes (9/s, ETA 188.5min)
01:41:19 [turn] 104000/200000 classes (9/s, ETA 186.6min)
01:43:13 [turn] 105000/200000 classes (9/s, ETA 184.6min)
01:45:09 [turn] 106000/200000 classes (9/s, ETA 182.6min)
01:47:04 [turn] 107000/200000 classes (9/s, ETA 180.7min)
01:48:59 [turn] 108000/200000 classes (9/s, ETA 178.7min)
01:51:00 [turn] 109000/200000 classes (9/s, ETA 176.8min)
01:52:54 [turn] 110000/200000 classes (9/s, ETA 174.8min)
01:54:53 [turn] 111000/200000 classes (9/s, ETA 172.9min)
01:56:48 [turn] 112000/200000 classes (9/s, ETA 171.0min)
01:58:42 [turn] 113000/200000 classes (9/s, ETA 169.0min)
02:00:37 [turn] 114000/200000 classes (9/s, ETA 167.0min)
02:02:36 [turn] 115000/200000 classes (9/s, ETA 165.1min)
02:04:29 [turn] 116000/200000 classes (9/s, ETA 163.1min)
02:06:29 [turn] 117000/200000 classes (9/s, ETA 161.2min)
02:08:23 [turn] 118000/200000 classes (9/s, ETA 159.2min)
02:10:23 [turn] 119000/200000 classes (9/s, ETA 157.3min)
02:12:17 [turn] 120000/200000 classes (9/s, ETA 155.4min)
02:14:18 [turn] 121000/200000 classes (9/s, ETA 153.5min)
02:17:07 [turn] 122000/200000 classes (9/s, ETA 152.1min)
02:20:03 [turn] 123000/200000 classes (9/s, ETA 150.8min)
02:21:58 [turn] 124000/200000 classes (9/s, ETA 148.8min)
02:24:01 [turn] 125000/200000 classes (9/s, ETA 146.9min)
02:25:59 [turn] 126000/200000 classes (9/s, ETA 144.9min)
02:27:55 [turn] 127000/200000 classes (9/s, ETA 142.9min)
02:29:50 [turn] 128000/200000 classes (9/s, ETA 141.0min)
02:31:45 [turn] 129000/200000 classes (9/s, ETA 139.0min)
02:33:38 [turn] 130000/200000 classes (9/s, ETA 137.0min)
02:35:40 [turn] 131000/200000 classes (9/s, ETA 135.1min)
02:37:34 [turn] 132000/200000 classes (9/s, ETA 133.1min)
02:39:28 [turn] 133000/200000 classes (9/s, ETA 131.1min)
02:41:14 [turn] 134000/200000 classes (9/s, ETA 129.1min)
02:42:54 [turn] 135000/200000 classes (9/s, ETA 127.0min)
02:44:34 [turn] 136000/200000 classes (9/s, ETA 124.9min)
02:46:20 [turn] 137000/200000 classes (9/s, ETA 122.8min)
02:48:11 [turn] 138000/200000 classes (9/s, ETA 120.8min)
02:50:03 [turn] 139000/200000 classes (9/s, ETA 118.9min)
02:51:55 [turn] 140000/200000 classes (9/s, ETA 116.9min)
02:53:51 [turn] 141000/200000 classes (9/s, ETA 114.9min)
02:55:50 [turn] 142000/200000 classes (9/s, ETA 113.0min)
02:57:43 [turn] 143000/200000 classes (9/s, ETA 111.0min)
02:59:36 [turn] 144000/200000 classes (9/s, ETA 109.0min)
03:01:30 [turn] 145000/200000 classes (9/s, ETA 107.1min)
03:03:31 [turn] 146000/200000 classes (9/s, ETA 105.1min)
03:05:25 [turn] 147000/200000 classes (9/s, ETA 103.2min)
03:07:19 [turn] 148000/200000 classes (9/s, ETA 101.2min)
03:09:17 [turn] 149000/200000 classes (9/s, ETA 99.3min)
03:11:14 [turn] 150000/200000 classes (9/s, ETA 97.3min)
03:13:14 [turn] 151000/200000 classes (9/s, ETA 95.4min)
03:15:13 [turn] 152000/200000 classes (9/s, ETA 93.5min)
03:17:06 [turn] 153000/200000 classes (9/s, ETA 91.5min)
03:18:59 [turn] 154000/200000 classes (9/s, ETA 89.5min)
03:20:54 [turn] 155000/200000 classes (9/s, ETA 87.6min)
03:22:53 [turn] 156000/200000 classes (9/s, ETA 85.6min)
03:24:46 [turn] 157000/200000 classes (9/s, ETA 83.7min)
03:26:48 [turn] 158000/200000 classes (9/s, ETA 81.8min)
03:28:45 [turn] 159000/200000 classes (9/s, ETA 79.8min)
03:30:39 [turn] 160000/200000 classes (9/s, ETA 77.9min)
03:32:34 [turn] 161000/200000 classes (9/s, ETA 75.9min)
03:34:24 [turn] 162000/200000 classes (9/s, ETA 73.9min)
03:36:08 [turn] 163000/200000 classes (9/s, ETA 71.9min)
03:37:56 [turn] 164000/200000 classes (9/s, ETA 70.0min)
03:39:40 [turn] 165000/200000 classes (9/s, ETA 68.0min)
03:41:21 [turn] 166000/200000 classes (9/s, ETA 66.0min)
03:43:15 [turn] 167000/200000 classes (9/s, ETA 64.0min)
03:44:46 [turn] 168000/200000 classes (9/s, ETA 62.0min)
03:46:15 [turn] 169000/200000 classes (9/s, ETA 60.0min)
03:47:40 [turn] 170000/200000 classes (9/s, ETA 58.0min)
03:49:14 [turn] 171000/200000 classes (9/s, ETA 56.0min)
03:50:42 [turn] 172000/200000 classes (9/s, ETA 54.0min)
03:52:08 [turn] 173000/200000 classes (9/s, ETA 52.0min)
03:53:37 [turn] 174000/200000 classes (9/s, ETA 50.0min)
03:55:02 [turn] 175000/200000 classes (9/s, ETA 48.0min)
03:56:26 [turn] 176000/200000 classes (9/s, ETA 46.0min)
03:57:58 [turn] 177000/200000 classes (9/s, ETA 44.0min)
03:59:24 [turn] 178000/200000 classes (9/s, ETA 42.0min)
04:00:49 [turn] 179000/200000 classes (9/s, ETA 40.1min)
04:02:18 [turn] 180000/200000 classes (9/s, ETA 38.1min)
04:03:45 [turn] 181000/200000 classes (9/s, ETA 36.2min)
04:05:09 [turn] 182000/200000 classes (9/s, ETA 34.2min)
04:06:32 [turn] 183000/200000 classes (9/s, ETA 32.3min)
04:07:55 [turn] 184000/200000 classes (9/s, ETA 30.3min)
04:09:23 [turn] 185000/200000 classes (9/s, ETA 28.4min)
04:10:48 [turn] 186000/200000 classes (9/s, ETA 26.5min)
04:12:17 [turn] 187000/200000 classes (9/s, ETA 24.5min)
04:13:42 [turn] 188000/200000 classes (9/s, ETA 22.6min)
04:15:10 [turn] 189000/200000 classes (9/s, ETA 20.7min)
04:16:34 [turn] 190000/200000 classes (9/s, ETA 18.8min)
04:18:03 [turn] 191000/200000 classes (9/s, ETA 16.9min)
04:19:26 [turn] 192000/200000 classes (9/s, ETA 15.0min)
04:20:53 [turn] 193000/200000 classes (9/s, ETA 13.1min)
04:22:18 [turn] 194000/200000 classes (9/s, ETA 11.2min)
04:23:41 [turn] 195000/200000 classes (9/s, ETA 9.3min)
04:25:04 [turn] 196000/200000 classes (9/s, ETA 7.5min)
04:26:28 [turn] 197000/200000 classes (9/s, ETA 5.6min)
04:27:59 [turn] 198000/200000 classes (9/s, ETA 3.7min)
04:29:25 [turn] 199000/200000 classes (9/s, ETA 1.9min)
04:30:48 [turn] 200000/200000 classes (9/s, ETA 0.0min)
04:30:48 [turn] k-means with sorted-EMD, k=200
04:31:42 [turn] wrote abstraction/buckets_turn.npz (200000 classes)
