22:04:11 [flop] sampling 200000 canonical classes
22:04:13 [flop] computing EHS² histograms (100 MC samples each)
22:05:30 [flop] 1000/200000 classes (13/s, ETA 256.3min)
22:07:02 [flop] 2000/200000 classes (12/s, ETA 278.9min)
22:08:34 [flop] 3000/200000 classes (12/s, ETA 285.2min)
22:09:56 [flop] 4000/200000 classes (12/s, ETA 280.2min)
22:11:20 [flop] 5000/200000 classes (12/s, ETA 277.4min)
22:12:44 [flop] 6000/200000 classes (12/s, ETA 275.5min)
22:14:17 [flop] 7000/200000 classes (12/s, ETA 277.5min)
22:15:55 [flop] 8000/200000 classes (11/s, ETA 280.8min)
22:17:41 [flop] 9000/200000 classes (11/s, ETA 285.9min)
22:34:28 [flop] 10000/200000 classes (11/s, ETA 289.6min)
22:36:30 [flop] 11000/200000 classes (11/s, ETA 297.1min)
22:38:22 [flop] 12000/200000 classes (10/s, ETA 300.1min)
22:40:18 [flop] 13000/200000 classes (10/s, ETA 303.3min)
22:42:28 [flop] 14000/200000 classes (10/s, ETA 308.8min)
22:45:04 [flop] 15000/200000 classes (10/s, ETA 318.8min)
22:47:44 [flop] 16000/200000 classes (9/s, ETA 328.0min)
22:50:33 [flop] 17000/200000 classes (9/s, ETA 337.2min)
22:53:19 [flop] 18000/200000 classes (9/s, ETA 344.8min)
22:55:58 [flop] 19000/200000 classes (9/s, ETA 350.1min)
22:58:43 [flop] 20000/200000 classes (8/s, ETA 355.5min)
23:01:28 [flop] 21000/200000 classes (8/s, ETA 360.1min)
23:03:53 [flop] 22000/200000 classes (8/s, ETA 361.4min)
23:06:19 [flop] 23000/200000 classes (8/s, ETA 362.4min)
23:08:37 [flop] 24000/200000 classes (8/s, ETA 362.3min)
23:11:02 [flop] 25000/200000 classes (8/s, ETA 362.7min)
23:13:10 [flop] 26000/200000 classes (8/s, ETA 361.0min)
23:14:58 [flop] 27000/200000 classes (8/s, ETA 357.3min)
23:16:45 [flop] 28000/200000 classes (8/s, ETA 353.4min)
23:18:31 [flop] 29000/200000 classes (8/s, ETA 349.7min)
23:20:21 [flop] 30000/200000 classes (8/s, ETA 346.4min)
23:22:10 [flop] 31000/200000 classes (8/s, ETA 343.2min)
23:24:02 [flop] 32000/200000 classes (8/s, ETA 340.3min)
23:26:09 [flop] 33000/200000 classes (8/s, ETA 338.7min)
23:28:10 [flop] 34000/200000 classes (8/s, ETA 336.6min)
23:30:09 [flop] 35000/200000 classes (8/s, ETA 334.4min)
23:32:08 [flop] 36000/200000 classes (8/s, ETA 332.2min)
23:34:06 [flop] 37000/200000 classes (8/s, ETA 329.9min)
23:36:05 [flop] 38000/200000 classes (8/s, ETA 327.7min)
23:38:07 [flop] 39000/200000 classes (8/s, ETA 325.7min)
23:40:07 [flop] 40000/200000 classes (8/s, ETA 323.6min)
23:42:12 [flop] 41000/200000 classes (8/s, ETA 321.8min)
23:44:12 [flop] 42000/200000 classes (8/s, ETA 319.7min)
23:46:12 [flop] 43000/200000 classes (8/s, ETA 317.6min)
23:48:10 [flop] 44000/200000 classes (8/s, ETA 315.4min)
23:50:09 [flop] 45000/200000 classes (8/s, ETA 313.2min)
23:52:08 [flop] 46000/200000 classes (8/s, ETA 311.1min)
23:54:07 [flop] 47000/200000 classes (8/s, ETA 308.9min)
23:56:07 [flop] 48000/200000 classes (8/s, ETA 306.8min)
23:58:15 [flop] 49000/200000 classes (8/s, ETA 305.2min)
00:00:13 [flop] 50000/200000 classes (8/s, ETA 303.0min)
00:02:14 [flop] 51000/200000 classes (8/s, ETA 301.0min)
00:04:14 [flop] 52000/200000 classes (8/s, ETA 298.9min)
00:06:17 [flop] 53000/200000 classes (8/s, ETA 296.9min)
00:08:26 [flop] 54000/200000 classes (8/s, ETA 295.3min)
00:10:35 [flop] 55000/200000 classes (8/s, ETA 293.6min)
00:12:42 [flop] 56000/200000 classes (8/s, ETA 291.8min)
00:14:55 [flop] 57000/200000 classes (8/s, ETA 290.3min)
00:17:06 [flop] 58000/200000 classes (8/s, ETA 288.6min)
00:19:10 [flop] 59000/200000 classes (8/s, ETA 286.7min)
00:21:28 [flop] 60000/200000 classes (8/s, ETA 285.2min)
00:23:36 [flop] 61000/200000 classes (8/s, ETA 283.4min)
00:25:26 [flop] 62000/200000 classes (8/s, ETA 280.9min)
00:27:10 [flop] 63000/200000 classes (8/s, ETA 278.2min)
00:28:51 [flop] 64000/200000 classes (8/s, ETA 275.5min)
00:30:48 [flop] 65000/200000 classes (8/s, ETA 273.3min)
00:32:46 [flop] 66000/200000 classes (8/s, ETA 271.1min)
00:34:45 [flop] 67000/200000 classes (8/s, ETA 269.0min)
00:36:48 [flop] 68000/200000 classes (8/s, ETA 267.1min)
00:38:47 [flop] 69000/200000 classes (8/s, ETA 265.0min)
00:40:46 [flop] 70000/200000 classes (8/s, ETA 262.9min)
00:42:50 [flop] 71000/200000 classes (8/s, ETA 260.9min)
00:44:50 [flop] 72000/200000 classes (8/s, ETA 258.9min)
00:46:58 [flop] 73000/200000 classes (8/s, ETA 257.0min)
00:49:00 [flop] 74000/200000 classes (8/s, ETA 255.0min)
00:51:00 [flop] 75000/200000 classes (8/s, ETA 253.0min)
00:52:58 [flop] 76000/200000 classes (8/s, ETA 250.8min)
00:54:57 [flop] 77000/200000 classes (8/s, ETA 248.8min)
00:57:00 [flop] 78000/200000 classes (8/s, ETA 246.8min)
00:58:56 [flop] 79000/200000 classes (8/s, ETA 244.6min)
01:00:55 [flop] 80000/200000 classes (8/s, ETA 242.5min)
01:03:00 [flop] 81000/200000 classes (8/s, ETA 240.6min)
01:04:59 [flop] 82000/200000 classes (8/s, ETA 238.5min)
01:06:58 [flop] 83000/200000 classes (8/s, ETA 236.5min)
01:09:03 [flop] 84000/200000 classes (8/s, ETA 234.5min)
01:11:02 [flop] 85000/200000 classes (8/s, ETA 232.5min)
01:13:01 [flop] 86000/200000 classes (8/s, ETA 230.4min)
01:15:03 [flop] 87000/200000 classes (8/s, ETA 228.4min)
01:17:04 [flop] 88000/200000 classes (8/s, ETA 226.3min)
01:19:08 [flop] 89000/200000 classes (8/s, ETA 224.4min)
01:21:07 [flop] 90000/200000 classes (8/s, ETA 222.3min)
01:23:11 [flop] 91000/200000 classes (8/s, ETA 220.3min)
01:25:11 [flop] 92000/200000 classes (8/s, ETA 218.3min)
01:27:12 [flop] 93000/200000 classes (8/s, ETA 216.3min)
01:29:11 [flop] 94000/200000 classes (8/s, ETA 214.2min)
01:31:11 [flop] 95000/200000 classes (8/s, ETA 212.2min)
01:33:09 [flop] 96000/200000 classes (8/s, ETA 210.1min)
01:35:04 [flop] 97000/200000 classes (8/s, ETA 208.0min)
01:36:50 [flop] 98000/200000 classes (8/s, ETA 205.7min)
01:38:33 [flop] 99000/200000 classes (8/s, ETA 203.4min)
01:40:31 [flop] 100000/200000 classes (8/s, ETA 201.3min)
01:42:34 [flop] 101000/200000 classes (8/s, ETA 199.3min)
01:44:35 [flop] 102000/200000 classes (8/s, ETA 197.3min)
01:46:34 [flop] 103000/200000 classes (8/s, ETA 195.3min)
01:48:33 [flop] 104000/200000 classes (8/s, ETA 193.2min)
01:50:38 [flop] 105000/200000 classes (8/s, ETA 191.3min)
01:52:36 [flop] 106000/200000 classes (8/s, ETA 189.2min)
01:54:40 [flop] 107000/200000 classes (8/s, ETA 187.3min)
01:56:38 [flop] 108000/200000 classes (8/s, ETA 185.2min)
01:58:37 [flop] 109000/200000 classes (8/s, ETA 183.2min)
02:00:35 [flop] 110000/200000 classes (8/s, ETA 181.1min)
02:02:38 [flop] 111000/200000 classes (8/s, ETA 179.1min)
02:04:36 [flop] 112000/200000 classes (8/s, ETA 177.1min)
02:06:40 [flop] 113000/200000 classes (8/s, ETA 175.1min)
02:08:40 [flop] 114000/200000 classes (8/s, ETA 173.1min)
02:10:43 [flop] 115000/200000 classes (8/s, ETA 171.1min)
02:12:45 [flop] 116000/200000 classes (8/s, ETA 169.1min)
02:14:46 [flop] 117000/200000 classes (8/s, ETA 167.1min)
02:18:36 [flop] 118000/200000 classes (8/s, ETA 166.3min)
02:20:39 [flop] 119000/200000 classes (8/s, ETA 164.3min)
02:22:36 [flop] 120000/200000 classes (8/s, ETA 162.3min)
02:24:45 [flop] 121000/200000 classes (8/s, ETA 160.3min)
02:26:49 [flop] 122000/200000 classes (8/s, ETA 158.3min)
02:28:48 [flop] 123000/200000 classes (8/s, ETA 156.2min)
02:30:47 [flop] 124000/200000 classes (8/s, ETA 154.2min)
02:32:46 [flop] 125000/200000 classes (8/s, ETA 152.1min)
02:34:51 [flop] 126000/200000 classes (8/s, ETA 150.1min)
02:36:50 [flop] 127000/200000 classes (8/s, ETA 148.1min)
02:38:47 [flop] 128000/200000 classes (8/s, ETA 146.0min)
02:40:42 [flop] 129000/200000 classes (8/s, ETA 143.9min)
02:42:23 [flop] 130000/200000 classes (8/s, ETA 141.7min)
02:44:09 [flop] 131000/200000 classes (8/s, ETA 139.5min)
02:45:57 [flop] 132000/200000 classes (8/s, ETA 137.4min)
02:47:52 [flop] 133000/200000 classes (8/s, ETA 135.3min)
02:49:48 [flop] 134000/200000 classes (8/s, ETA 133.3min)
02:51:44 [flop] 135000/200000 classes (8/s, ETA 131.2min)
02:53:44 [flop] 136000/200000 classes (8/s, ETA 129.2min)
02:55:47 [flop] 137000/200000 classes (8/s, ETA 127.2min)
02:57:44 [flop] 138000/200000 classes (8/s, ETA 125.1min)
02:59:42 [flop] 139000/200000 classes (8/s, ETA 123.1min)
03:01:40 [flop] 140000/200000 classes (8/s, ETA 121.0min)
03:03:45 [flop] 141000/200000 classes (8/s, ETA 119.1min)
03:05:43 [flop] 142000/200000 classes (8/s, ETA 117.0min)
03:07:40 [flop] 143000/200000 classes (8/s, ETA 115.0min)
03:09:43 [flop] 144000/200000 classes (8/s, ETA 113.0min)
03:11:46 [flop] 145000/200000 classes (8/s, ETA 111.0min)
03:13:50 [flop] 146000/200000 classes (8/s, ETA 109.0min)
03:15:50 [flop] 147000/200000 classes (8/s, ETA 106.9min)
03:17:47 [flop] 148000/200000 classes (8/s, ETA 104.9min)
03:19:45 [flop] 149000/200000 classes (8/s, ETA 102.9min)
03:21:43 [flop] 150000/200000 classes (8/s, ETA 100.8min)
03:23:46 [flop] 151000/200000 classes (8/s, ETA 98.8min)
03:25:44 [flop] 152000/200000 classes (8/s, ETA 96.8min)
03:27:52 [flop] 153000/200000 classes (8/s, ETA 94.8min)
03:29:51 [flop] 154000/200000 classes (8/s, ETA 92.8min)
03:31:53 [flop] 155000/200000 classes (8/s, ETA 90.8min)
03:33:44 [flop] 156000/200000 classes (8/s, ETA 88.7min)
03:35:37 [flop] 157000/200000 classes (8/s, ETA 86.7min)
03:37:28 [flop] 158000/200000 classes (8/s, ETA 84.6min)
03:39:15 [flop] 159000/200000 classes (8/s, ETA 82.5min)
03:40:59 [flop] 160000/200000 classes (8/s, ETA 80.4min)
03:43:00 [flop] 161000/200000 classes (8/s, ETA 78.4min)
03:44:34 [flop] 162000/200000 classes (8/s, ETA 76.3min)
03:46:08 [flop] 163000/200000 classes (8/s, ETA 74.2min)
03:47:37 [flop] 164000/200000 classes (8/s, ETA 72.1min)
03:49:14 [flop] 165000/200000 classes (8/s, ETA 70.0min)
03:50:44 [flop] 166000/200000 classes (8/s, ETA 67.9min)
03:52:15 [flop] 167000/200000 classes (8/s, ETA 65.8min)
03:53:46 [flop] 168000/200000 classes (8/s, ETA 63.7min)
03:55:13 [flop] 169000/200000 classes (8/s, ETA 61.6min)
03:56:40 [flop] 170000/200000 classes (8/s, ETA 59.5min)
03:58:16 [flop] 171000/200000 classes (8/s, ETA 57.5min)
03:59:45 [flop] 172000/200000 classes (8/s, ETA 55.4min)
04:01:13 [flop] 173000/200000 classes (8/s, ETA 53.4min)
04:02:46 [flop] 174000/200000 classes (8/s, ETA 51.3min)
04:04:15 [flop] 175000/200000 classes (8/s, ETA 49.3min)
04:05:41 [flop] 176000/200000 classes (8/s, ETA 47.2min)
04:07:07 [flop] 177000/200000 classes (8/s, ETA 45.2min)
04:08:36 [flop] 178000/200000 classes (8/s, ETA 43.2min)
04:10:08 [flop] 179000/200000 classes (9/s, ETA 41.2min)
04:11:36 [flop] 180000/200000 classes (9/s, ETA 39.2min)
04:13:08 [flop] 181000/200000 classes (9/s, ETA 37.2min)
04:14:36 [flop] 182000/200000 classes (9/s, ETA 35.1min)
04:16:06 [flop] 183000/200000 classes (9/s, ETA 33.2min)
04:17:37 [flop] 184000/200000 classes (9/s, ETA 31.2min)
04:19:04 [flop] 185000/200000 classes (9/s, ETA 29.2min)
04:20:34 [flop] 186000/200000 classes (9/s, ETA 27.2min)
04:22:02 [flop] 187000/200000 classes (9/s, ETA 25.2min)
04:23:28 [flop] 188000/200000 classes (9/s, ETA 23.2min)
04:24:53 [flop] 189000/200000 classes (9/s, ETA 21.3min)
04:26:20 [flop] 190000/200000 classes (9/s, ETA 19.3min)
04:27:55 [flop] 191000/200000 classes (9/s, ETA 17.4min)
04:29:24 [flop] 192000/200000 classes (9/s, ETA 15.4min)
04:30:50 [flop] 193000/200000 classes (9/s, ETA 13.5min)
04:32:24 [flop] 194000/200000 classes (9/s, ETA 11.5min)
04:33:39 [flop] 195000/200000 classes (9/s, ETA 9.6min)
04:34:53 [flop] 196000/200000 classes (9/s, ETA 7.7min)
04:36:06 [flop] 197000/200000 classes (9/s, ETA 5.7min)
04:37:19 [flop] 198000/200000 classes (9/s, ETA 3.8min)
04:38:30 [flop] 199000/200000 classes (9/s, ETA 1.9min)
04:39:42 [flop] 200000/200000 classes (9/s, ETA 0.0min)
04:39:42 [flop] k-means with sorted-EMD, k=200
04:40:27 [flop] wrote abstraction/buckets_flop.npz (200000 classes)
