22:04:11 [river] computing 8 preflop equity tiers
22:04:14 [river] sampling 200000 canonical classes
22:04:16 [river] computing OCHS features (8 tiers x 1000 MC samples each)
22:05:18 [river] 1000/200000 classes (16/s, ETA 208.2min)
22:06:28 [river] 2000/200000 classes (15/s, ETA 218.5min)
22:07:48 [river] 3000/200000 classes (14/s, ETA 232.0min)
22:08:54 [river] 4000/200000 classes (14/s, ETA 226.9min)
22:10:00 [river] 5000/200000 classes (15/s, ETA 223.7min)
22:11:07 [river] 6000/200000 classes (15/s, ETA 221.6min)
22:12:15 [river] 7000/200000 classes (15/s, ETA 220.0min)
22:13:23 [river] 8000/200000 classes (15/s, ETA 219.1min)
22:14:43 [river] 9000/200000 classes (14/s, ETA 221.8min)
22:16:00 [river] 10000/200000 classes (14/s, ETA 223.2min)
22:17:27 [river] 11000/200000 classes (14/s, ETA 226.5min)
22:18:47 [river] 12000/200000 classes (14/s, ETA 227.6min)
22:35:31 [river] 13000/200000 classes (13/s, ETA 233.8min)
22:37:00 [river] 14000/200000 classes (13/s, ETA 235.6min)
22:38:30 [river] 15000/200000 classes (13/s, ETA 237.2min)
22:40:03 [river] 16000/200000 classes (13/s, ETA 239.1min)
22:41:38 [river] 17000/200000 classes (13/s, ETA 240.9min)
22:43:40 [river] 18000/200000 classes (12/s, ETA 246.8min)
22:45:46 [river] 19000/200000 classes (12/s, ETA 252.5min)
22:47:55 [river] 20000/200000 classes (12/s, ETA 257.9min)
22:50:10 [river] 21000/200000 classes (11/s, ETA 263.5min)
22:52:25 [river] 22000/200000 classes (11/s, ETA 268.2min)
22:54:35 [river] 23000/200000 classes (11/s, ETA 271.8min)
22:56:41 [river] 24000/200000 classes (11/s, ETA 274.4min)
22:58:55 [river] 25000/200000 classes (11/s, ETA 277.5min)
23:01:06 [river] 26000/200000 classes (10/s, ETA 280.0min)
23:03:04 [river] 27000/200000 classes (10/s, ETA 280.7min)
23:05:03 [river] 28000/200000 classes (10/s, ETA 281.3min)
23:06:51 [river] 29000/200000 classes (10/s, ETA 280.6min)
23:08:47 [river] 30000/200000 classes (10/s, ETA 280.6min)
23:10:42 [river] 31000/200000 classes (10/s, ETA 280.4min)
23:12:29 [river] 32000/200000 classes (10/s, ETA 279.4min)
23:13:59 [river] 33000/200000 classes (10/s, ETA 277.0min)
23:15:25 [river] 34000/200000 classes (10/s, ETA 274.1min)
23:16:50 [river] 35000/200000 classes (10/s, ETA 271.4min)
23:18:14 [river] 36000/200000 classes (10/s, ETA 268.6min)
23:19:44 [river] 37000/200000 classes (10/s, ETA 266.4min)
23:21:12 [river] 38000/200000 classes (10/s, ETA 264.0min)
23:22:36 [river] 39000/200000 classes (10/s, ETA 261.5min)
23:24:09 [river] 40000/200000 classes (10/s, ETA 259.5min)
23:25:51 [river] 41000/200000 classes (10/s, ETA 258.2min)
23:27:29 [river] 42000/200000 classes (10/s, ETA 256.6min)
23:29:05 [river] 43000/200000 classes (10/s, ETA 254.9min)
23:30:40 [river] 44000/200000 classes (10/s, ETA 253.2min)
23:32:15 [river] 45000/200000 classes (10/s, ETA 251.4min)
23:33:50 [river] 46000/200000 classes (10/s, ETA 249.7min)
23:35:25 [river] 47000/200000 classes (10/s, ETA 247.9min)
23:37:00 [river] 48000/200000 classes (10/s, ETA 246.2min)
23:38:39 [river] 49000/200000 classes (10/s, ETA 244.7min)
23:40:16 [river] 50000/200000 classes (10/s, ETA 243.0min)
23:41:57 [river] 51000/200000 classes (10/s, ETA 241.6min)
23:43:33 [river] 52000/200000 classes (10/s, ETA 239.9min)
23:45:09 [river] 53000/200000 classes (10/s, ETA 238.2min)
23:46:44 [river] 54000/200000 classes (10/s, ETA 236.5min)
23:48:20 [river] 55000/200000 classes (10/s, ETA 234.8min)
23:49:55 [river] 56000/200000 classes (10/s, ETA 233.1min)
23:51:31 [river] 57000/200000 classes (10/s, ETA 231.4min)
23:53:06 [river] 58000/200000 classes (10/s, ETA 229.7min)
23:54:41 [river] 59000/200000 classes (10/s, ETA 228.0min)
23:56:17 [river] 60000/200000 classes (10/s, ETA 226.4min)
23:58:01 [river] 61000/200000 classes (10/s, ETA 225.0min)
23:59:35 [river] 62000/200000 classes (10/s, ETA 223.3min)
00:01:12 [river] 63000/200000 classes (10/s, ETA 221.7min)
00:02:49 [river] 64000/200000 classes (10/s, ETA 220.1min)
00:04:24 [river] 65000/200000 classes (10/s, ETA 218.4min)
00:06:02 [river] 66000/200000 classes (10/s, ETA 216.8min)
00:07:43 [river] 67000/200000 classes (10/s, ETA 215.3min)
00:09:30 [river] 68000/200000 classes (10/s, ETA 214.0min)
00:11:11 [river] 69000/200000 classes (10/s, ETA 212.5min)
00:12:53 [river] 70000/200000 classes (10/s, ETA 211.0min)
00:14:39 [river] 71000/200000 classes (10/s, ETA 209.7min)
00:16:23 [river] 72000/200000 classes (10/s, ETA 208.2min)
00:18:08 [river] 73000/200000 classes (10/s, ETA 206.8min)
00:19:45 [river] 74000/200000 classes (10/s, ETA 205.2min)
00:21:41 [river] 75000/200000 classes (10/s, ETA 204.0min)
00:23:23 [river] 76000/200000 classes (10/s, ETA 202.5min)
00:24:55 [river] 77000/200000 classes (10/s, ETA 200.7min)
00:26:18 [river] 78000/200000 classes (10/s, ETA 198.7min)
00:27:40 [river] 79000/200000 classes (10/s, ETA 196.7min)
00:29:01 [river] 80000/200000 classes (10/s, ETA 194.6min)
00:30:35 [river] 81000/200000 classes (10/s, ETA 192.9min)
00:32:11 [river] 82000/200000 classes (10/s, ETA 191.3min)
00:33:46 [river] 83000/200000 classes (10/s, ETA 189.6min)
00:35:21 [river] 84000/200000 classes (10/s, ETA 187.9min)
00:37:01 [river] 85000/200000 classes (10/s, ETA 186.4min)
00:38:37 [river] 86000/200000 classes (10/s, ETA 184.7min)
00:40:11 [river] 87000/200000 classes (10/s, ETA 183.0min)
00:41:52 [river] 88000/200000 classes (10/s, ETA 181.5min)
00:43:28 [river] 89000/200000 classes (10/s, ETA 179.8min)
00:45:04 [river] 90000/200000 classes (10/s, ETA 178.2min)
00:46:47 [river] 91000/200000 classes (10/s, ETA 176.7min)
00:48:26 [river] 92000/200000 classes (10/s, ETA 175.1min)
00:50:03 [river] 93000/200000 classes (10/s, ETA 173.5min)
00:51:38 [river] 94000/200000 classes (10/s, ETA 171.8min)
00:53:12 [river] 95000/200000 classes (10/s, ETA 170.1min)
00:54:48 [river] 96000/200000 classes (10/s, ETA 168.5min)
00:56:27 [river] 97000/200000 classes (10/s, ETA 166.9min)
00:58:01 [river] 98000/200000 classes (10/s, ETA 165.2min)
00:59:36 [river] 99000/200000 classes (10/s, ETA 163.6min)
01:01:12 [river] 100000/200000 classes (10/s, ETA 161.9min)
01:02:52 [river] 101000/200000 classes (10/s, ETA 160.4min)
01:04:28 [river] 102000/200000 classes (10/s, ETA 158.7min)
01:06:03 [river] 103000/200000 classes (10/s, ETA 157.1min)
01:07:38 [river] 104000/200000 classes (10/s, ETA 155.4min)
01:09:21 [river] 105000/200000 classes (10/s, ETA 153.9min)
01:10:56 [river] 106000/200000 classes (10/s, ETA 152.2min)
01:12:31 [river] 107000/200000 classes (10/s, ETA 150.6min)
01:14:07 [river] 108000/200000 classes (10/s, ETA 148.9min)
01:15:47 [river] 109000/200000 classes (10/s, ETA 147.4min)
01:17:22 [river] 110000/200000 classes (10/s, ETA 145.7min)
01:19:03 [river] 111000/200000 classes (10/s, ETA 144.1min)
01:20:39 [river] 112000/200000 classes (10/s, ETA 142.5min)
01:22:19 [river] 113000/200000 classes (10/s, ETA 140.9min)
01:23:54 [river] 114000/200000 classes (10/s, ETA 139.3min)
01:25:31 [river] 115000/200000 classes (10/s, ETA 137.7min)
01:27:07 [river] 116000/200000 classes (10/s, ETA 136.0min)
01:28:43 [river] 117000/200000 classes (10/s, ETA 134.4min)
01:30:19 [river] 118000/200000 classes (10/s, ETA 132.8min)
01:31:55 [river] 119000/200000 classes (10/s, ETA 131.1min)
01:33:27 [river] 120000/200000 classes (10/s, ETA 129.5min)
01:35:02 [river] 121000/200000 classes (10/s, ETA 127.8min)
01:36:28 [river] 122000/200000 classes (10/s, ETA 126.1min)
01:37:49 [river] 123000/200000 classes (10/s, ETA 124.3min)
01:39:18 [river] 124000/200000 classes (10/s, ETA 122.6min)
01:40:57 [river] 125000/200000 classes (10/s, ETA 121.0min)
01:42:33 [river] 126000/200000 classes (10/s, ETA 119.4min)
01:44:09 [river] 127000/200000 classes (10/s, ETA 117.8min)
01:45:46 [river] 128000/200000 classes (10/s, ETA 116.2min)
01:47:21 [river] 129000/200000 classes (10/s, ETA 114.5min)
01:48:56 [river] 130000/200000 classes (10/s, ETA 112.9min)
01:50:38 [river] 131000/200000 classes (10/s, ETA 111.3min)
01:52:13 [river] 132000/200000 classes (10/s, ETA 109.7min)
01:53:52 [river] 133000/200000 classes (10/s, ETA 108.1min)
01:55:27 [river] 134000/200000 classes (10/s, ETA 106.5min)
01:57:03 [river] 135000/200000 classes (10/s, ETA 104.9min)
01:58:38 [river] 136000/200000 classes (10/s, ETA 103.2min)
02:00:13 [river] 137000/200000 classes (10/s, ETA 101.6min)
02:01:52 [river] 138000/200000 classes (10/s, ETA 100.0min)
02:03:27 [river] 139000/200000 classes (10/s, ETA 98.4min)
02:05:03 [river] 140000/200000 classes (10/s, ETA 96.8min)
02:06:42 [river] 141000/200000 classes (10/s, ETA 95.2min)
02:08:17 [river] 142000/200000 classes (10/s, ETA 93.5min)
02:09:58 [river] 143000/200000 classes (10/s, ETA 92.0min)
02:11:33 [river] 144000/200000 classes (10/s, ETA 90.3min)
02:13:14 [river] 145000/200000 classes (10/s, ETA 88.7min)
02:14:50 [river] 146000/200000 classes (10/s, ETA 87.1min)
02:18:08 [river] 147000/200000 classes (10/s, ETA 86.1min)
02:19:55 [river] 148000/200000 classes (10/s, ETA 84.6min)
02:21:31 [river] 149000/200000 classes (10/s, ETA 82.9min)
02:23:07 [river] 150000/200000 classes (10/s, ETA 81.3min)
02:24:50 [river] 151000/200000 classes (10/s, ETA 79.7min)
02:26:30 [river] 152000/200000 classes (10/s, ETA 78.1min)
02:28:06 [river] 153000/200000 classes (10/s, ETA 76.4min)
02:29:42 [river] 154000/200000 classes (10/s, ETA 74.8min)
02:31:17 [river] 155000/200000 classes (10/s, ETA 73.2min)
02:32:53 [river] 156000/200000 classes (10/s, ETA 71.5min)
02:34:34 [river] 157000/200000 classes (10/s, ETA 69.9min)
02:36:10 [river] 158000/200000 classes (10/s, ETA 68.3min)
02:37:45 [river] 159000/200000 classes (10/s, ETA 66.7min)
02:39:19 [river] 160000/200000 classes (10/s, ETA 65.0min)
02:40:49 [river] 161000/200000 classes (10/s, ETA 63.4min)
02:42:11 [river] 162000/200000 classes (10/s, ETA 61.7min)
02:43:36 [river] 163000/200000 classes (10/s, ETA 60.0min)
02:44:57 [river] 164000/200000 classes (10/s, ETA 58.3min)
02:46:28 [river] 165000/200000 classes (10/s, ETA 56.7min)
02:48:00 [river] 166000/200000 classes (10/s, ETA 55.0min)
02:49:34 [river] 167000/200000 classes (10/s, ETA 53.4min)
02:51:07 [river] 168000/200000 classes (10/s, ETA 51.8min)
02:52:44 [river] 169000/200000 classes (10/s, ETA 50.2min)
02:54:18 [river] 170000/200000 classes (10/s, ETA 48.5min)
02:55:57 [river] 171000/200000 classes (10/s, ETA 46.9min)
02:57:31 [river] 172000/200000 classes (10/s, ETA 45.3min)
02:59:04 [river] 173000/200000 classes (10/s, ETA 43.7min)
03:00:39 [river] 174000/200000 classes (10/s, ETA 42.0min)
03:02:19 [river] 175000/200000 classes (10/s, ETA 40.4min)
03:03:54 [river] 176000/200000 classes (10/s, ETA 38.8min)
03:05:30 [river] 177000/200000 classes (10/s, ETA 37.2min)
03:07:03 [river] 178000/200000 classes (10/s, ETA 35.6min)
03:08:37 [river] 179000/200000 classes (10/s, ETA 33.9min)
03:10:19 [river] 180000/200000 classes (10/s, ETA 32.3min)
03:11:57 [river] 181000/200000 classes (10/s, ETA 30.7min)
03:13:37 [river] 182000/200000 classes (10/s, ETA 29.1min)
03:15:14 [river] 183000/200000 classes (10/s, ETA 27.5min)
03:16:48 [river] 184000/200000 classes (10/s, ETA 25.9min)
03:18:22 [river] 185000/200000 classes (10/s, ETA 24.3min)
03:19:57 [river] 186000/200000 classes (10/s, ETA 22.6min)
03:21:32 [river] 187000/200000 classes (10/s, ETA 21.0min)
03:23:11 [river] 188000/200000 classes (10/s, ETA 19.4min)
03:24:45 [river] 189000/200000 classes (10/s, ETA 17.8min)
03:26:24 [river] 190000/200000 classes (10/s, ETA 16.2min)
03:28:05 [river] 191000/200000 classes (10/s, ETA 14.6min)
03:29:40 [river] 192000/200000 classes (10/s, ETA 12.9min)
03:31:18 [river] 193000/200000 classes (10/s, ETA 11.3min)
03:32:49 [river] 194000/200000 classes (10/s, ETA 9.7min)
03:34:22 [river] 195000/200000 classes (10/s, ETA 8.1min)
03:35:49 [river] 196000/200000 classes (10/s, ETA 6.5min)
03:37:20 [river] 197000/200000 classes (10/s, ETA 4.8min)
03:38:44 [river] 198000/200000 classes (10/s, ETA 3.2min)
03:40:11 [river] 199000/200000 classes (10/s, ETA 1.6min)
03:41:38 [river] 200000/200000 classes (10/s, ETA 0.0min)
03:41:38 [river] k-means with L2, k=200
03:42:13 [river] wrote abstraction/buckets_river.npz (200000 classes)
