12:30:50 loading abstraction from abstraction/
12:30:50   loaded_streets=('flop', 'turn', 'river'), lru_max=2000000
12:30:50 warming preflop-tier cache (~6s)...
12:30:52 config: DeepCFRConfig(advantage_hidden=(256, 256, 256), policy_hidden=(256, 256, 256), activation='relu', layer_norm=True, learning_rate=0.001, optimizer='adam', grad_clip=1.0, batch_size=256, outer_iters=250, traversals_per_iter=400, train_steps_per_iter=200, policy_train_steps=40000, advantage_buffer_size=500000, policy_buffer_size=3000000, cfr_weighting='linear', num_players_train=(6, 8, 9), seat_randomization=True, seed=2026, checkpoint_every=25, lbr_every=25)
12:30:52 training -> training/pilot-v2/
12:32:59 [iter 1/250] 122.6s trav + 3.5s train (adv_buf=12929, policy_buf=71029, wall=2.1min, eta=523.3min)
12:34:54 [iter 2/250] 112.7s trav + 2.3s train (adv_buf=35199, policy_buf=122755, wall=4.0min, eta=498.3min)
12:35:13 [iter 3/250] 17.2s trav + 2.2s train (adv_buf=37167, policy_buf=131492, wall=4.3min, eta=357.6min)
12:35:51 [iter 4/250] 35.6s trav + 2.3s train (adv_buf=44906, policy_buf=148417, wall=5.0min, eta=305.9min)
12:35:59 [iter 5/250] 6.1s trav + 2.4s train (adv_buf=45722, policy_buf=153042, wall=5.1min, eta=250.7min)
12:36:33 [iter 6/250] 30.6s trav + 2.7s train (adv_buf=52653, policy_buf=168353, wall=5.7min, eta=230.6min)
12:36:56 [iter 7/250] 21.5s trav + 2.2s train (adv_buf=57275, policy_buf=179842, wall=6.1min, eta=210.5min)
12:37:26 [iter 8/250] 27.4s trav + 2.2s train (adv_buf=63541, policy_buf=193719, wall=6.6min, eta=198.4min)
12:37:57 [iter 9/250] 28.6s trav + 2.1s train (adv_buf=69291, policy_buf=208807, wall=7.1min, eta=189.3min)
12:38:19 [iter 10/250] 20.5s trav + 2.1s train (adv_buf=73168, policy_buf=220346, wall=7.4min, eta=178.7min)
12:38:48 [iter 11/250] 26.8s trav + 2.1s train (adv_buf=77624, policy_buf=234650, wall=7.9min, eta=172.3min)
12:39:18 [iter 12/250] 27.4s trav + 2.3s train (adv_buf=82240, policy_buf=249521, wall=8.4min, eta=167.1min)
12:39:39 [iter 13/250] 19.2s trav + 2.3s train (adv_buf=85231, policy_buf=260547, wall=8.8min, eta=160.1min)
12:40:04 [iter 14/250] 21.9s trav + 2.3s train (adv_buf=88791, policy_buf=273019, wall=9.2min, eta=154.8min)
12:40:28 [iter 15/250] 22.6s trav + 2.3s train (adv_buf=92274, policy_buf=286542, wall=9.6min, eta=150.4min)
12:41:01 [iter 16/250] 30.0s trav + 2.3s train (adv_buf=97161, policy_buf=303295, wall=10.1min, eta=148.2min)
12:41:36 [iter 17/250] 32.9s trav + 2.2s train (adv_buf=102813, policy_buf=320154, wall=10.7min, eta=146.9min)
12:42:25 [iter 18/250] 46.8s trav + 2.0s train (adv_buf=112129, policy_buf=343498, wall=11.5min, eta=148.7min)
12:43:11 [iter 19/250] 44.4s trav + 2.2s train (adv_buf=119982, policy_buf=366538, wall=12.3min, eta=149.7min)
12:43:49 [iter 20/250] 35.9s trav + 2.3s train (adv_buf=125200, policy_buf=385699, wall=12.9min, eta=148.9min)
12:44:19 [iter 21/250] 27.4s trav + 2.2s train (adv_buf=129080, policy_buf=401257, wall=13.4min, eta=146.6min)
12:44:57 [iter 22/250] 35.9s trav + 2.3s train (adv_buf=134570, policy_buf=421125, wall=14.1min, eta=145.9min)
12:45:39 [iter 23/250] 39.5s trav + 2.2s train (adv_buf=140893, policy_buf=442256, wall=14.8min, eta=145.8min)
12:46:31 [iter 24/250] 50.0s trav + 2.0s train (adv_buf=150769, policy_buf=467667, wall=15.6min, eta=147.3min)
12:47:05 [iter 25/250] 31.8s trav + 2.0s train (adv_buf=156824, policy_buf=486078, wall=16.2min, eta=145.8min)
12:47:07 [iter 25] checkpoint -> iter_0025.pt
12:47:07   policy_reservoir unique-key by street: preflop=140288 flop=91959 turn=87732 river=79326 (total unique=399305 / size=486078 / capacity=3000000)
12:48:06 [iter 26/250] 56.7s trav + 2.0s train (adv_buf=168076, policy_buf=514910, wall=17.2min, eta=148.4min)
12:48:48 [iter 27/250] 39.3s trav + 2.3s train (adv_buf=173987, policy_buf=533225, wall=17.9min, eta=148.0min)
12:49:10 [iter 28/250] 19.9s trav + 2.0s train (adv_buf=177280, policy_buf=546357, wall=18.3min, eta=145.0min)
12:49:50 [iter 29/250] 38.0s trav + 2.2s train (adv_buf=184564, policy_buf=567141, wall=19.0min, eta=144.5min)
12:50:26 [iter 30/250] 34.3s trav + 2.0s train (adv_buf=190910, policy_buf=586567, wall=19.6min, eta=143.5min)
12:50:50 [iter 31/250] 22.0s trav + 2.2s train (adv_buf=194406, policy_buf=600505, wall=20.0min, eta=141.0min)
12:51:21 [iter 32/250] 28.2s trav + 2.0s train (adv_buf=198875, policy_buf=617854, wall=20.5min, eta=139.4min)
12:51:57 [iter 33/250] 34.8s trav + 2.0s train (adv_buf=204584, policy_buf=638365, wall=21.1min, eta=138.6min)
12:52:32 [iter 34/250] 32.8s trav + 2.0s train (adv_buf=210823, policy_buf=657512, wall=21.7min, eta=137.6min)
12:53:00 [iter 35/250] 26.1s trav + 2.0s train (adv_buf=215319, policy_buf=673422, wall=22.1min, eta=135.9min)
12:53:59 [iter 36/250] 56.8s trav + 2.0s train (adv_buf=225441, policy_buf=699864, wall=23.1min, eta=137.4min)
12:54:36 [iter 37/250] 35.1s trav + 2.0s train (adv_buf=232419, policy_buf=719938, wall=23.7min, eta=136.6min)
12:55:17 [iter 38/250] 39.1s trav + 2.0s train (adv_buf=240066, policy_buf=741586, wall=24.4min, eta=136.2min)
12:55:49 [iter 39/250] 30.0s trav + 2.0s train (adv_buf=245103, policy_buf=759643, wall=24.9min, eta=135.0min)
12:56:39 [iter 40/250] 48.3s trav + 2.0s train (adv_buf=255978, policy_buf=786192, wall=25.8min, eta=135.4min)
12:57:19 [iter 41/250] 37.9s trav + 2.0s train (adv_buf=264040, policy_buf=807893, wall=26.4min, eta=134.8min)
12:57:52 [iter 42/250] 30.8s trav + 2.0s train (adv_buf=270227, policy_buf=825954, wall=27.0min, eta=133.7min)
12:58:40 [iter 43/250] 45.7s trav + 2.0s train (adv_buf=280306, policy_buf=851220, wall=27.8min, eta=133.8min)
12:59:29 [iter 44/250] 47.5s trav + 2.0s train (adv_buf=288059, policy_buf=871857, wall=28.6min, eta=134.0min)
13:00:09 [iter 45/250] 37.9s trav + 2.0s train (adv_buf=296230, policy_buf=893019, wall=29.3min, eta=133.4min)
13:00:39 [iter 46/250] 27.3s trav + 1.9s train (adv_buf=301579, policy_buf=909611, wall=29.8min, eta=132.0min)
13:01:31 [iter 47/250] 50.7s trav + 2.0s train (adv_buf=312803, policy_buf=937393, wall=30.6min, eta=132.4min)
13:02:08 [iter 48/250] 34.7s trav + 2.0s train (adv_buf=320705, policy_buf=957096, wall=31.3min, eta=131.5min)
13:02:49 [iter 49/250] 39.1s trav + 2.0s train (adv_buf=329652, policy_buf=978417, wall=31.9min, eta=131.0min)
13:03:24 [iter 50/250] 33.3s trav + 2.0s train (adv_buf=335929, policy_buf=997789, wall=32.5min, eta=130.1min)
13:03:29 [iter 50] checkpoint -> iter_0050.pt
13:03:30   policy_reservoir unique-key by street: preflop=267152 flop=203362 turn=175285 river=143035 (total unique=788834 / size=997789 / capacity=3000000)
13:04:04 [iter 51/250] 32.6s trav + 2.2s train (adv_buf=341758, policy_buf=1017086, wall=33.2min, eta=129.5min)
13:04:45 [iter 52/250] 38.4s trav + 1.9s train (adv_buf=349455, policy_buf=1038931, wall=33.9min, eta=129.0min)
13:05:31 [iter 53/250] 44.2s trav + 1.9s train (adv_buf=358478, policy_buf=1064061, wall=34.6min, eta=128.8min)
13:06:07 [iter 54/250] 33.9s trav + 2.3s train (adv_buf=365643, policy_buf=1083257, wall=35.2min, eta=127.9min)
13:06:45 [iter 55/250] 36.1s trav + 2.0s train (adv_buf=373432, policy_buf=1103358, wall=35.9min, eta=127.2min)
13:07:17 [iter 56/250] 30.3s trav + 2.0s train (adv_buf=379355, policy_buf=1121501, wall=36.4min, eta=126.2min)
13:08:00 [iter 57/250] 40.6s trav + 2.0s train (adv_buf=387724, policy_buf=1144248, wall=37.1min, eta=125.7min)
13:08:44 [iter 58/250] 41.6s trav + 2.0s train (adv_buf=395016, policy_buf=1165798, wall=37.9min, eta=125.3min)
13:09:24 [iter 59/250] 38.2s trav + 2.0s train (adv_buf=402537, policy_buf=1186493, wall=38.5min, eta=124.7min)
13:09:58 [iter 60/250] 32.6s trav + 2.1s train (adv_buf=408475, policy_buf=1204752, wall=39.1min, eta=123.8min)
13:10:44 [iter 61/250] 43.7s trav + 2.0s train (adv_buf=417426, policy_buf=1228786, wall=39.9min, eta=123.5min)
13:11:32 [iter 62/250] 45.9s trav + 2.0s train (adv_buf=426626, policy_buf=1254233, wall=40.7min, eta=123.3min)
13:12:27 [iter 63/250] 52.5s trav + 2.0s train (adv_buf=437970, policy_buf=1281979, wall=41.6min, eta=123.4min)
13:13:03 [iter 64/250] 34.9s trav + 2.0s train (adv_buf=445004, policy_buf=1301607, wall=42.2min, eta=122.6min)
13:13:49 [iter 65/250] 43.3s trav + 2.0s train (adv_buf=453513, policy_buf=1325479, wall=42.9min, eta=122.2min)
13:14:32 [iter 66/250] 41.0s trav + 2.0s train (adv_buf=461758, policy_buf=1348323, wall=43.7min, eta=121.7min)
13:15:11 [iter 67/250] 37.3s trav + 2.0s train (adv_buf=469256, policy_buf=1368700, wall=44.3min, eta=121.0min)
13:16:01 [iter 68/250] 48.1s trav + 2.0s train (adv_buf=479673, policy_buf=1394773, wall=45.1min, eta=120.8min)
13:16:40 [iter 69/250] 37.4s trav + 2.0s train (adv_buf=487162, policy_buf=1416065, wall=45.8min, eta=120.1min)
13:17:10 [iter 70/250] 27.3s trav + 2.2s train (adv_buf=491947, policy_buf=1432308, wall=46.3min, eta=119.0min)
13:17:56 [iter 71/250] 43.6s trav + 2.0s train (adv_buf=500765, policy_buf=1455648, wall=47.1min, eta=118.6min)
13:18:41 [iter 72/250] 43.6s trav + 2.0s train (adv_buf=509767, policy_buf=1479238, wall=47.8min, eta=118.2min)
13:19:28 [iter 73/250] 44.8s trav + 2.1s train (adv_buf=518652, policy_buf=1503426, wall=48.6min, eta=117.8min)
13:20:10 [iter 74/250] 40.1s trav + 2.2s train (adv_buf=526584, policy_buf=1525137, wall=49.3min, eta=117.3min)
13:20:48 [iter 75/250] 35.5s trav + 2.0s train (adv_buf=532987, policy_buf=1545025, wall=49.9min, eta=116.5min)
13:20:57 [iter 75] checkpoint -> iter_0075.pt
13:20:57   policy_reservoir unique-key by street: preflop=384004 flop=322352 turn=271586 river=213047 (total unique=1190989 / size=1545025 / capacity=3000000)
13:21:33 [iter 76/250] 33.8s trav + 2.0s train (adv_buf=539351, policy_buf=1564015, wall=50.7min, eta=116.0min)
13:22:09 [iter 77/250] 34.2s trav + 2.0s train (adv_buf=546447, policy_buf=1583518, wall=51.3min, eta=115.2min)
13:23:02 [iter 78/250] 50.5s trav + 2.0s train (adv_buf=557574, policy_buf=1609468, wall=52.2min, eta=115.0min)
13:23:40 [iter 79/250] 35.7s trav + 2.0s train (adv_buf=564695, policy_buf=1629358, wall=52.8min, eta=114.3min)
13:24:24 [iter 80/250] 42.4s trav + 2.2s train (adv_buf=572694, policy_buf=1651807, wall=53.5min, eta=113.8min)
13:25:02 [iter 81/250] 36.0s trav + 2.1s train (adv_buf=580183, policy_buf=1672010, wall=54.2min, eta=113.0min)
13:25:54 [iter 82/250] 49.3s trav + 2.0s train (adv_buf=590822, policy_buf=1698456, wall=55.0min, eta=112.7min)
13:26:40 [iter 83/250] 44.1s trav + 2.0s train (adv_buf=600365, policy_buf=1722574, wall=55.8min, eta=112.3min)
13:27:24 [iter 84/250] 42.2s trav + 2.0s train (adv_buf=606392, policy_buf=1740419, wall=56.5min, eta=111.7min)
13:28:03 [iter 85/250] 37.3s trav + 2.0s train (adv_buf=613813, policy_buf=1760165, wall=57.2min, eta=111.0min)
13:28:36 [iter 86/250] 30.4s trav + 2.0s train (adv_buf=619870, policy_buf=1777524, wall=57.7min, eta=110.1min)
13:29:07 [iter 87/250] 28.8s trav + 2.1s train (adv_buf=625049, policy_buf=1794090, wall=58.2min, eta=109.1min)
13:29:42 [iter 88/250] 33.5s trav + 2.1s train (adv_buf=631756, policy_buf=1812776, wall=58.8min, eta=108.3min)
13:30:22 [iter 89/250] 37.8s trav + 2.1s train (adv_buf=639325, policy_buf=1833174, wall=59.5min, eta=107.6min)
13:30:51 [iter 90/250] 26.9s trav + 2.2s train (adv_buf=644304, policy_buf=1848303, wall=60.0min, eta=106.6min)
13:31:35 [iter 91/250] 41.4s trav + 2.0s train (adv_buf=653096, policy_buf=1870535, wall=60.7min, eta=106.1min)
13:32:15 [iter 92/250] 37.7s trav + 2.2s train (adv_buf=660401, policy_buf=1891520, wall=61.4min, eta=105.4min)
13:32:55 [iter 93/250] 37.9s trav + 2.0s train (adv_buf=668044, policy_buf=1912525, wall=62.0min, eta=104.7min)
13:33:31 [iter 94/250] 34.4s trav + 2.0s train (adv_buf=674611, policy_buf=1931645, wall=62.6min, eta=104.0min)
13:34:14 [iter 95/250] 41.1s trav + 2.1s train (adv_buf=683951, policy_buf=1953604, wall=63.4min, eta=103.4min)
13:35:01 [iter 96/250] 44.9s trav + 2.1s train (adv_buf=693372, policy_buf=1977719, wall=64.1min, eta=102.9min)
13:35:33 [iter 97/250] 29.7s trav + 2.1s train (adv_buf=699132, policy_buf=1994102, wall=64.7min, eta=102.0min)
13:36:24 [iter 98/250] 49.0s trav + 2.1s train (adv_buf=709389, policy_buf=2020158, wall=65.5min, eta=101.6min)
13:36:53 [iter 99/250] 27.0s trav + 2.1s train (adv_buf=713865, policy_buf=2035714, wall=66.0min, eta=100.7min)
13:37:31 [iter 100/250] 35.4s trav + 2.1s train (adv_buf=720354, policy_buf=2055607, wall=66.6min, eta=100.0min)
13:37:43 [iter 100] checkpoint -> iter_0100.pt
13:37:44   policy_reservoir unique-key by street: preflop=473349 flop=426084 turn=362612 river=285930 (total unique=1547975 / size=2055607 / capacity=3000000)
13:38:18 [iter 101/250] 32.0s trav + 2.0s train (adv_buf=725959, policy_buf=2073721, wall=67.4min, eta=99.5min)
13:38:42 [iter 102/250] 22.5s trav + 1.9s train (adv_buf=730107, policy_buf=2086955, wall=67.8min, eta=98.4min)
13:39:23 [iter 103/250] 38.9s trav + 1.9s train (adv_buf=738947, policy_buf=2108126, wall=68.5min, eta=97.8min)
13:39:55 [iter 104/250] 30.4s trav + 1.9s train (adv_buf=744683, policy_buf=2125511, wall=69.0min, eta=96.9min)
13:40:32 [iter 105/250] 34.9s trav + 1.9s train (adv_buf=752550, policy_buf=2144151, wall=69.7min, eta=96.2min)
13:41:04 [iter 106/250] 30.2s trav + 2.0s train (adv_buf=758922, policy_buf=2161108, wall=70.2min, eta=95.4min)
13:41:38 [iter 107/250] 31.4s trav + 1.9s train (adv_buf=765255, policy_buf=2178633, wall=70.8min, eta=94.6min)
13:42:03 [iter 108/250] 23.6s trav + 1.9s train (adv_buf=769529, policy_buf=2192486, wall=71.2min, eta=93.6min)
13:42:38 [iter 109/250] 32.4s trav + 1.9s train (adv_buf=775697, policy_buf=2211123, wall=71.8min, eta=92.8min)
13:43:18 [iter 110/250] 38.8s trav + 2.0s train (adv_buf=784010, policy_buf=2232025, wall=72.4min, eta=92.2min)
13:44:04 [iter 111/250] 43.7s trav + 2.1s train (adv_buf=792593, policy_buf=2254402, wall=73.2min, eta=91.7min)
13:44:43 [iter 112/250] 36.8s trav + 2.1s train (adv_buf=800197, policy_buf=2274256, wall=73.8min, eta=91.0min)
13:45:28 [iter 113/250] 42.7s trav + 2.3s train (adv_buf=809515, policy_buf=2296879, wall=74.6min, eta=90.4min)
13:46:09 [iter 114/250] 39.1s trav + 2.1s train (adv_buf=817604, policy_buf=2317874, wall=75.3min, eta=89.8min)
13:47:07 [iter 115/250] 55.9s trav + 2.1s train (adv_buf=830425, policy_buf=2346663, wall=76.2min, eta=89.5min)
13:47:46 [iter 116/250] 36.3s trav + 2.1s train (adv_buf=837750, policy_buf=2366294, wall=76.9min, eta=88.8min)
13:48:38 [iter 117/250] 50.4s trav + 2.3s train (adv_buf=848021, policy_buf=2392863, wall=77.8min, eta=88.4min)
13:49:18 [iter 118/250] 37.5s trav + 2.0s train (adv_buf=855756, policy_buf=2413024, wall=78.4min, eta=87.7min)
13:50:00 [iter 119/250] 40.3s trav + 2.0s train (adv_buf=864161, policy_buf=2434651, wall=79.1min, eta=87.1min)
13:50:31 [iter 120/250] 29.2s trav + 2.0s train (adv_buf=869564, policy_buf=2451279, wall=79.6min, eta=86.3min)
13:51:25 [iter 121/250] 51.7s trav + 2.2s train (adv_buf=881719, policy_buf=2478117, wall=80.5min, eta=85.9min)
13:52:00 [iter 122/250] 32.9s trav + 2.0s train (adv_buf=887732, policy_buf=2496530, wall=81.1min, eta=85.1min)
13:52:33 [iter 123/250] 29.9s trav + 2.7s train (adv_buf=893394, policy_buf=2512641, wall=81.7min, eta=84.3min)
13:53:25 [iter 124/250] 49.9s trav + 2.2s train (adv_buf=903469, policy_buf=2537327, wall=82.5min, eta=83.9min)
13:54:17 [iter 125/250] 49.9s trav + 2.1s train (adv_buf=914392, policy_buf=2563203, wall=83.4min, eta=83.4min)
13:54:39 [iter 125] checkpoint -> iter_0125.pt
13:54:41   policy_reservoir unique-key by street: preflop=539573 flop=522539 turn=460823 river=371269 (total unique=1894204 / size=2563203 / capacity=3000000)
13:55:18 [iter 126/250] 35.1s trav + 2.3s train (adv_buf=921072, policy_buf=2581101, wall=84.4min, eta=83.1min)
13:55:53 [iter 127/250] 33.0s trav + 1.9s train (adv_buf=927551, policy_buf=2599750, wall=85.0min, eta=82.3min)
13:56:38 [iter 128/250] 43.3s trav + 1.9s train (adv_buf=936914, policy_buf=2622886, wall=85.8min, eta=81.7min)
13:57:21 [iter 129/250] 40.9s trav + 1.9s train (adv_buf=945433, policy_buf=2644891, wall=86.5min, eta=81.1min)
13:58:04 [iter 130/250] 41.3s trav + 2.0s train (adv_buf=953962, policy_buf=2667142, wall=87.2min, eta=80.5min)
13:58:49 [iter 131/250] 42.3s trav + 1.9s train (adv_buf=962814, policy_buf=2690176, wall=87.9min, eta=79.9min)
13:59:30 [iter 132/250] 39.3s trav + 1.9s train (adv_buf=970331, policy_buf=2711731, wall=88.6min, eta=79.2min)
14:00:14 [iter 133/250] 42.1s trav + 1.9s train (adv_buf=979161, policy_buf=2734218, wall=89.4min, eta=78.6min)
14:00:54 [iter 134/250] 37.6s trav + 1.9s train (adv_buf=986102, policy_buf=2755507, wall=90.0min, eta=77.9min)
14:01:35 [iter 135/250] 39.5s trav + 2.0s train (adv_buf=994671, policy_buf=2776451, wall=90.7min, eta=77.3min)
14:02:18 [iter 136/250] 40.4s trav + 2.1s train (adv_buf=1003112, policy_buf=2798119, wall=91.4min, eta=76.6min)
14:02:53 [iter 137/250] 33.6s trav + 2.1s train (adv_buf=1009932, policy_buf=2816544, wall=92.0min, eta=75.9min)
14:03:36 [iter 138/250] 40.7s trav + 2.1s train (adv_buf=1018653, policy_buf=2838542, wall=92.7min, eta=75.3min)
14:04:17 [iter 139/250] 39.1s trav + 2.1s train (adv_buf=1026782, policy_buf=2859466, wall=93.4min, eta=74.6min)
14:04:58 [iter 140/250] 38.2s trav + 2.1s train (adv_buf=1034273, policy_buf=2880118, wall=94.1min, eta=73.9min)
14:05:30 [iter 141/250] 30.5s trav + 2.1s train (adv_buf=1040308, policy_buf=2897145, wall=94.6min, eta=73.2min)
14:06:16 [iter 142/250] 44.1s trav + 2.2s train (adv_buf=1050013, policy_buf=2920038, wall=95.4min, eta=72.6min)
14:06:58 [iter 143/250] 39.9s trav + 2.1s train (adv_buf=1058400, policy_buf=2941760, wall=96.1min, eta=71.9min)
14:08:01 [iter 144/250] 60.5s trav + 2.1s train (adv_buf=1072889, policy_buf=2971577, wall=97.1min, eta=71.5min)
14:08:46 [iter 145/250] 43.2s trav + 2.1s train (adv_buf=1081843, policy_buf=2994956, wall=97.9min, eta=70.9min)
14:09:31 [iter 146/250] 42.3s trav + 2.1s train (adv_buf=1089650, policy_buf=3000000, wall=98.6min, eta=70.3min)
14:10:07 [iter 147/250] 34.2s trav + 2.1s train (adv_buf=1096217, policy_buf=3000000, wall=99.2min, eta=69.5min)
14:11:02 [iter 148/250] 52.8s trav + 2.1s train (adv_buf=1107586, policy_buf=3000000, wall=100.2min, eta=69.0min)
14:11:32 [iter 149/250] 27.5s trav + 2.1s train (adv_buf=1112675, policy_buf=3000000, wall=100.7min, eta=68.2min)
14:12:16 [iter 150/250] 41.9s trav + 2.1s train (adv_buf=1121294, policy_buf=3000000, wall=101.4min, eta=67.6min)
14:12:41 [iter 150] checkpoint -> iter_0150.pt
14:12:42   policy_reservoir unique-key by street: preflop=598848 flop=609054 turn=543181 river=442297 (total unique=2193380 / size=3000000 / capacity=3000000)
14:13:22 [iter 151/250] 38.3s trav + 2.4s train (adv_buf=1128397, policy_buf=3000000, wall=102.5min, eta=67.2min)
14:14:02 [iter 152/250] 38.1s trav + 2.0s train (adv_buf=1136287, policy_buf=3000000, wall=103.2min, eta=66.5min)
14:14:48 [iter 153/250] 43.8s trav + 2.0s train (adv_buf=1145633, policy_buf=3000000, wall=103.9min, eta=65.9min)
14:15:34 [iter 154/250] 43.7s trav + 2.0s train (adv_buf=1154429, policy_buf=3000000, wall=104.7min, eta=65.3min)
14:17:33 [iter 155/250] 116.0s trav + 3.1s train (adv_buf=1164443, policy_buf=3000000, wall=106.7min, eta=65.4min)
14:18:23 [iter 156/250] 47.9s trav + 2.1s train (adv_buf=1173554, policy_buf=3000000, wall=107.5min, eta=64.8min)
14:19:21 [iter 157/250] 55.6s trav + 2.1s train (adv_buf=1184046, policy_buf=3000000, wall=108.5min, eta=64.3min)
14:20:03 [iter 158/250] 40.5s trav + 2.3s train (adv_buf=1191050, policy_buf=3000000, wall=109.2min, eta=63.6min)
14:20:56 [iter 159/250] 50.2s trav + 2.1s train (adv_buf=1201580, policy_buf=3000000, wall=110.1min, eta=63.0min)
14:21:41 [iter 160/250] 42.6s trav + 2.3s train (adv_buf=1209354, policy_buf=3000000, wall=110.8min, eta=62.3min)
14:22:12 [iter 161/250] 28.9s trav + 2.2s train (adv_buf=1214300, policy_buf=3000000, wall=111.3min, eta=61.5min)
14:23:07 [iter 162/250] 53.0s trav + 2.1s train (adv_buf=1225669, policy_buf=3000000, wall=112.2min, eta=61.0min)
14:23:54 [iter 163/250] 45.5s trav + 2.1s train (adv_buf=1234816, policy_buf=3000000, wall=113.0min, eta=60.3min)
14:24:38 [iter 164/250] 41.8s trav + 2.1s train (adv_buf=1243376, policy_buf=3000000, wall=113.8min, eta=59.7min)
14:25:31 [iter 165/250] 50.6s trav + 2.1s train (adv_buf=1253654, policy_buf=3000000, wall=114.6min, eta=59.1min)
14:26:03 [iter 166/250] 29.3s trav + 2.2s train (adv_buf=1258971, policy_buf=3000000, wall=115.2min, eta=58.3min)
14:26:39 [iter 167/250] 33.9s trav + 2.1s train (adv_buf=1265799, policy_buf=3000000, wall=115.8min, eta=57.5min)
14:27:15 [iter 168/250] 34.6s trav + 2.1s train (adv_buf=1272179, policy_buf=3000000, wall=116.4min, eta=56.8min)
14:28:00 [iter 169/250] 42.3s trav + 2.1s train (adv_buf=1280765, policy_buf=3000000, wall=117.1min, eta=56.1min)
14:28:46 [iter 170/250] 43.7s trav + 2.2s train (adv_buf=1289978, policy_buf=3000000, wall=117.9min, eta=55.5min)
14:29:38 [iter 171/250] 49.7s trav + 2.1s train (adv_buf=1300234, policy_buf=3000000, wall=118.8min, eta=54.9min)
14:30:31 [iter 172/250] 51.0s trav + 2.1s train (adv_buf=1311148, policy_buf=3000000, wall=119.6min, eta=54.3min)
14:31:19 [iter 173/250] 44.9s trav + 3.0s train (adv_buf=1317774, policy_buf=3000000, wall=120.4min, eta=53.6min)
14:32:09 [iter 174/250] 47.8s trav + 2.4s train (adv_buf=1326355, policy_buf=3000000, wall=121.3min, eta=53.0min)
14:32:52 [iter 175/250] 41.4s trav + 2.2s train (adv_buf=1334457, policy_buf=3000000, wall=122.0min, eta=52.3min)
14:33:28 [iter 175] checkpoint -> iter_0175.pt
14:33:29   policy_reservoir unique-key by street: preflop=593712 flop=615558 turn=547183 river=447150 (total unique=2203603 / size=3000000 / capacity=3000000)
14:34:13 [iter 176/250] 41.4s trav + 2.8s train (adv_buf=1341693, policy_buf=3000000, wall=123.3min, eta=51.9min)
14:35:03 [iter 177/250] 47.6s trav + 2.1s train (adv_buf=1351480, policy_buf=3000000, wall=124.2min, eta=51.2min)
14:35:47 [iter 178/250] 41.5s trav + 2.1s train (adv_buf=1360015, policy_buf=3000000, wall=124.9min, eta=50.5min)
14:36:29 [iter 179/250] 40.4s trav + 2.2s train (adv_buf=1368004, policy_buf=3000000, wall=125.6min, eta=49.8min)
14:37:22 [iter 180/250] 50.3s trav + 2.1s train (adv_buf=1378602, policy_buf=3000000, wall=126.5min, eta=49.2min)
14:38:03 [iter 181/250] 39.3s trav + 2.1s train (adv_buf=1386155, policy_buf=3000000, wall=127.2min, eta=48.5min)
14:38:39 [iter 182/250] 34.0s trav + 2.2s train (adv_buf=1393334, policy_buf=3000000, wall=127.8min, eta=47.7min)
14:39:29 [iter 183/250] 47.6s trav + 2.2s train (adv_buf=1403770, policy_buf=3000000, wall=128.6min, eta=47.1min)
14:40:10 [iter 184/250] 38.5s trav + 2.2s train (adv_buf=1411711, policy_buf=3000000, wall=129.3min, eta=46.4min)
14:41:03 [iter 185/250] 51.1s trav + 2.4s train (adv_buf=1419523, policy_buf=3000000, wall=130.2min, eta=45.7min)
14:41:59 [iter 186/250] 54.0s trav + 2.1s train (adv_buf=1430744, policy_buf=3000000, wall=131.1min, eta=45.1min)
14:42:37 [iter 187/250] 35.6s trav + 2.2s train (adv_buf=1437306, policy_buf=3000000, wall=131.7min, eta=44.4min)
14:43:20 [iter 188/250] 40.8s trav + 2.2s train (adv_buf=1445423, policy_buf=3000000, wall=132.5min, eta=43.7min)
14:44:01 [iter 189/250] 38.6s trav + 2.3s train (adv_buf=1452838, policy_buf=3000000, wall=133.1min, eta=43.0min)
14:44:51 [iter 190/250] 47.7s trav + 2.1s train (adv_buf=1461960, policy_buf=3000000, wall=134.0min, eta=42.3min)
14:45:32 [iter 191/250] 39.4s trav + 2.3s train (adv_buf=1468933, policy_buf=3000000, wall=134.7min, eta=41.6min)
14:46:05 [iter 192/250] 30.4s trav + 2.4s train (adv_buf=1474724, policy_buf=3000000, wall=135.2min, eta=40.8min)
14:46:44 [iter 193/250] 37.0s trav + 2.2s train (adv_buf=1481522, policy_buf=3000000, wall=135.9min, eta=40.1min)
14:47:31 [iter 194/250] 44.6s trav + 2.3s train (adv_buf=1488396, policy_buf=3000000, wall=136.6min, eta=39.4min)
14:48:13 [iter 195/250] 40.0s trav + 2.2s train (adv_buf=1496045, policy_buf=3000000, wall=137.3min, eta=38.7min)
14:48:58 [iter 196/250] 42.0s trav + 2.2s train (adv_buf=1503877, policy_buf=3000000, wall=138.1min, eta=38.0min)
14:49:45 [iter 197/250] 45.1s trav + 2.3s train (adv_buf=1512805, policy_buf=3000000, wall=138.9min, eta=37.4min)
14:50:15 [iter 198/250] 27.9s trav + 2.3s train (adv_buf=1517925, policy_buf=3000000, wall=139.4min, eta=36.6min)
14:50:58 [iter 199/250] 40.0s trav + 2.3s train (adv_buf=1526200, policy_buf=3000000, wall=140.1min, eta=35.9min)
14:51:52 [iter 200/250] 52.2s trav + 2.3s train (adv_buf=1536722, policy_buf=3000000, wall=141.0min, eta=35.2min)
14:52:35 [iter 200] checkpoint -> iter_0200.pt
14:52:37   policy_reservoir unique-key by street: preflop=596640 flop=621335 turn=548520 river=446768 (total unique=2213263 / size=3000000 / capacity=3000000)
14:53:26 [iter 201/250] 46.5s trav + 2.6s train (adv_buf=1544679, policy_buf=3000000, wall=142.6min, eta=34.8min)
14:54:03 [iter 202/250] 35.0s trav + 2.2s train (adv_buf=1551504, policy_buf=3000000, wall=143.2min, eta=34.0min)
14:54:54 [iter 203/250] 48.3s trav + 2.2s train (adv_buf=1561307, policy_buf=3000000, wall=144.0min, eta=33.3min)
14:55:57 [iter 204/250] 61.2s trav + 2.2s train (adv_buf=1573638, policy_buf=3000000, wall=145.1min, eta=32.7min)
14:56:42 [iter 205/250] 42.9s trav + 2.1s train (adv_buf=1582301, policy_buf=3000000, wall=145.8min, eta=32.0min)
14:57:26 [iter 206/250] 41.8s trav + 2.1s train (adv_buf=1590905, policy_buf=3000000, wall=146.6min, eta=31.3min)
14:58:22 [iter 207/250] 53.6s trav + 2.2s train (adv_buf=1602441, policy_buf=3000000, wall=147.5min, eta=30.6min)
14:58:56 [iter 208/250] 31.5s trav + 2.2s train (adv_buf=1608817, policy_buf=3000000, wall=148.1min, eta=29.9min)
14:59:48 [iter 209/250] 50.0s trav + 2.3s train (adv_buf=1618649, policy_buf=3000000, wall=148.9min, eta=29.2min)
15:00:49 [iter 210/250] 58.2s trav + 2.3s train (adv_buf=1631221, policy_buf=3000000, wall=149.9min, eta=28.6min)
15:01:30 [iter 211/250] 38.8s trav + 2.2s train (adv_buf=1639438, policy_buf=3000000, wall=150.6min, eta=27.8min)
15:02:13 [iter 212/250] 41.3s trav + 2.3s train (adv_buf=1647582, policy_buf=3000000, wall=151.3min, eta=27.1min)
15:02:50 [iter 213/250] 34.8s trav + 2.2s train (adv_buf=1654182, policy_buf=3000000, wall=152.0min, eta=26.4min)
15:03:35 [iter 214/250] 43.0s trav + 2.2s train (adv_buf=1663077, policy_buf=3000000, wall=152.7min, eta=25.7min)
15:04:22 [iter 215/250] 44.7s trav + 2.2s train (adv_buf=1672607, policy_buf=3000000, wall=153.5min, eta=25.0min)
15:05:13 [iter 216/250] 48.5s trav + 2.2s train (adv_buf=1682871, policy_buf=3000000, wall=154.3min, eta=24.3min)
15:05:55 [iter 217/250] 39.9s trav + 2.2s train (adv_buf=1690596, policy_buf=3000000, wall=155.0min, eta=23.6min)
15:06:42 [iter 218/250] 44.4s trav + 2.2s train (adv_buf=1699657, policy_buf=3000000, wall=155.8min, eta=22.9min)
15:07:25 [iter 219/250] 40.9s trav + 2.2s train (adv_buf=1707915, policy_buf=3000000, wall=156.5min, eta=22.2min)
15:08:26 [iter 220/250] 59.0s trav + 2.3s train (adv_buf=1717913, policy_buf=3000000, wall=157.6min, eta=21.5min)
15:09:18 [iter 221/250] 49.8s trav + 2.4s train (adv_buf=1727601, policy_buf=3000000, wall=158.4min, eta=20.8min)
15:10:04 [iter 222/250] 43.0s trav + 2.3s train (adv_buf=1735101, policy_buf=3000000, wall=159.2min, eta=20.1min)
15:10:46 [iter 223/250] 40.6s trav + 2.3s train (adv_buf=1743170, policy_buf=3000000, wall=159.9min, eta=19.4min)
15:11:39 [iter 224/250] 49.9s trav + 2.3s train (adv_buf=1753242, policy_buf=3000000, wall=160.8min, eta=18.7min)
15:12:30 [iter 225/250] 48.6s trav + 2.3s train (adv_buf=1763236, policy_buf=3000000, wall=161.6min, eta=18.0min)
15:13:18 [iter 225] checkpoint -> iter_0225.pt
15:13:19   policy_reservoir unique-key by street: preflop=591701 flop=626673 turn=553853 river=453551 (total unique=2225778 / size=3000000 / capacity=3000000)
15:14:20 [iter 226/250] 58.2s trav + 3.3s train (adv_buf=1774736, policy_buf=3000000, wall=163.5min, eta=17.4min)
15:15:09 [iter 227/250] 46.7s trav + 2.3s train (adv_buf=1781959, policy_buf=3000000, wall=164.3min, eta=16.6min)
15:15:44 [iter 228/250] 32.3s trav + 2.2s train (adv_buf=1787021, policy_buf=3000000, wall=164.9min, eta=15.9min)
15:16:30 [iter 229/250] 44.0s trav + 2.3s train (adv_buf=1794104, policy_buf=3000000, wall=165.6min, eta=15.2min)
15:17:19 [iter 230/250] 47.1s trav + 2.3s train (adv_buf=1801271, policy_buf=3000000, wall=166.4min, eta=14.5min)
15:18:01 [iter 231/250] 39.5s trav + 2.2s train (adv_buf=1806979, policy_buf=3000000, wall=167.1min, eta=13.7min)
15:18:51 [iter 232/250] 47.4s trav + 2.2s train (adv_buf=1814654, policy_buf=3000000, wall=168.0min, eta=13.0min)
15:19:45 [iter 233/250] 52.0s trav + 2.3s train (adv_buf=1822200, policy_buf=3000000, wall=168.9min, eta=12.3min)
15:20:33 [iter 234/250] 46.0s trav + 2.3s train (adv_buf=1829287, policy_buf=3000000, wall=169.7min, eta=11.6min)
15:21:25 [iter 235/250] 49.5s trav + 2.2s train (adv_buf=1837263, policy_buf=3000000, wall=170.5min, eta=10.9min)
15:22:15 [iter 236/250] 48.3s trav + 2.2s train (adv_buf=1844321, policy_buf=3000000, wall=171.4min, eta=10.2min)
15:23:16 [iter 237/250] 58.0s trav + 2.2s train (adv_buf=1851398, policy_buf=3000000, wall=172.4min, eta=9.5min)
15:24:22 [iter 238/250] 63.6s trav + 2.2s train (adv_buf=1861205, policy_buf=3000000, wall=173.5min, eta=8.7min)
15:25:00 [iter 239/250] 36.0s trav + 2.2s train (adv_buf=1866474, policy_buf=3000000, wall=174.1min, eta=8.0min)
15:25:47 [iter 240/250] 45.1s trav + 2.4s train (adv_buf=1872098, policy_buf=3000000, wall=174.9min, eta=7.3min)
15:26:28 [iter 241/250] 38.9s trav + 2.2s train (adv_buf=1877638, policy_buf=3000000, wall=175.6min, eta=6.6min)
15:27:19 [iter 242/250] 48.1s trav + 2.2s train (adv_buf=1885014, policy_buf=3000000, wall=176.4min, eta=5.8min)
15:28:20 [iter 243/250] 58.7s trav + 2.3s train (adv_buf=1892328, policy_buf=3000000, wall=177.5min, eta=5.1min)
15:28:53 [iter 244/250] 30.7s trav + 2.3s train (adv_buf=1896572, policy_buf=3000000, wall=178.0min, eta=4.4min)
15:29:37 [iter 245/250] 42.1s trav + 2.4s train (adv_buf=1902446, policy_buf=3000000, wall=178.7min, eta=3.6min)
15:30:19 [iter 246/250] 39.9s trav + 2.3s train (adv_buf=1908348, policy_buf=3000000, wall=179.4min, eta=2.9min)
15:31:10 [iter 247/250] 48.0s trav + 2.3s train (adv_buf=1914073, policy_buf=3000000, wall=180.3min, eta=2.2min)
15:32:11 [iter 248/250] 59.1s trav + 2.3s train (adv_buf=1923686, policy_buf=3000000, wall=181.3min, eta=1.5min)
15:33:00 [iter 249/250] 46.6s trav + 2.4s train (adv_buf=1931604, policy_buf=3000000, wall=182.1min, eta=0.7min)
15:33:46 [iter 250/250] 43.4s trav + 2.3s train (adv_buf=1937462, policy_buf=3000000, wall=182.9min, eta=0.0min)
15:34:57 [iter 250] checkpoint -> iter_0250.pt
15:34:58   policy_reservoir unique-key by street: preflop=585965 flop=629181 turn=558839 river=459017 (total unique=2233002 / size=3000000 / capacity=3000000)
15:34:58 training advantage phase done; entering policy-net training
15:36:18 policy-net training done in 80.2s
15:36:18 TRAINING COMPLETE — total wall-clock 185.42 min
15:36:18 trainer.train returned after 185.4min
15:36:18 lookup stats: {'hits_exact': 259914, 'hits_lru': 8848685, 'misses': 290514} (total=9399113, hit_rate=0.969, lru_size=290514/2000000)
15:36:18 exporting strategy -> sqlite:////Users/joshuatseppich/projects/decision-db/strategy-pilot-v2.db (version=1)
15:39:34 exported 2233002 distinct infosets
15:39:34 PILOT DONE
