06:56:42 loading abstraction from abstraction/
06:56:42   loaded_streets=('flop', 'turn', 'river'), lru_max=2000000
06:56:42 warming preflop-tier cache (~6s)...
06:56:44 config: DeepCFRConfig(advantage_hidden=(256, 256, 256), policy_hidden=(256, 256, 256), activation='relu', layer_norm=True, learning_rate=0.001, optimizer='adam', grad_clip=1.0, batch_size=256, outer_iters=250, traversals_per_iter=400, train_steps_per_iter=200, policy_train_steps=4000, advantage_buffer_size=500000, policy_buffer_size=500000, cfr_weighting='linear', num_players_train=(6, 8, 9), seat_randomization=True, seed=2026, checkpoint_every=25, lbr_every=25)
06:56:44 training -> /Users/joshuatseppich/projects/decision-db/training/pilot/
06:57:24 [iter 1/250] 36.7s trav + 3.1s train (adv_buf=2666, policy_buf=22604, wall=0.7min, eta=165.2min)
06:58:27 [iter 2/250] 60.3s trav + 2.0s train (adv_buf=10162, policy_buf=55062, wall=1.7min, eta=211.0min)
06:59:02 [iter 3/250] 33.1s trav + 1.9s train (adv_buf=14788, policy_buf=75148, wall=2.3min, eta=188.3min)
06:59:53 [iter 4/250] 49.1s trav + 2.1s train (adv_buf=21900, policy_buf=103237, wall=3.1min, eta=193.0min)
07:01:30 [iter 5/250] 95.3s trav + 2.0s train (adv_buf=36529, policy_buf=153214, wall=4.8min, eta=233.2min)
07:02:34 [iter 6/250] 62.4s trav + 1.9s train (adv_buf=45147, policy_buf=186892, wall=5.8min, eta=237.2min)
07:03:07 [iter 7/250] 29.7s trav + 2.6s train (adv_buf=47764, policy_buf=200035, wall=6.4min, eta=221.2min)
07:03:44 [iter 8/250] 34.9s trav + 2.0s train (adv_buf=54045, policy_buf=219535, wall=7.0min, eta=211.3min)
07:04:18 [iter 9/250] 32.3s trav + 2.1s train (adv_buf=60067, policy_buf=238164, wall=7.6min, eta=202.4min)
07:05:00 [iter 10/250] 40.1s trav + 2.0s train (adv_buf=66965, policy_buf=260979, wall=8.3min, eta=198.2min)
07:05:31 [iter 11/250] 28.5s trav + 2.1s train (adv_buf=71024, policy_buf=276741, wall=8.8min, eta=190.5min)
07:06:17 [iter 12/250] 43.8s trav + 2.7s train (adv_buf=77491, policy_buf=295778, wall=9.5min, eta=189.3min)
07:07:08 [iter 13/250] 48.9s trav + 2.1s train (adv_buf=85938, policy_buf=320668, wall=10.4min, eta=189.5min)
07:07:48 [iter 14/250] 37.9s trav + 2.2s train (adv_buf=91506, policy_buf=340048, wall=11.1min, eta=186.5min)
07:08:23 [iter 15/250] 32.6s trav + 2.0s train (adv_buf=96711, policy_buf=358620, wall=11.6min, eta=182.3min)
07:08:48 [iter 16/250] 23.1s trav + 2.2s train (adv_buf=99617, policy_buf=373076, wall=12.1min, eta=176.4min)
07:09:26 [iter 17/250] 35.8s trav + 2.0s train (adv_buf=105070, policy_buf=393424, wall=12.7min, eta=173.9min)
07:09:43 [iter 18/250] 14.7s trav + 2.0s train (adv_buf=107167, policy_buf=403545, wall=13.0min, eta=167.1min)
07:10:02 [iter 19/250] 17.4s trav + 2.0s train (adv_buf=109221, policy_buf=415714, wall=13.3min, eta=161.6min)
07:10:39 [iter 20/250] 35.0s trav + 2.0s train (adv_buf=115021, policy_buf=435515, wall=13.9min, eta=159.9min)
07:11:11 [iter 21/250] 30.2s trav + 2.0s train (adv_buf=121120, policy_buf=452795, wall=14.4min, eta=157.5min)
07:11:52 [iter 22/250] 38.4s trav + 2.1s train (adv_buf=126644, policy_buf=471757, wall=15.1min, eta=156.7min)
07:12:38 [iter 23/250] 44.7s trav + 2.0s train (adv_buf=134096, policy_buf=497073, wall=15.9min, eta=156.9min)
07:13:10 [iter 24/250] 29.6s trav + 2.0s train (adv_buf=139071, policy_buf=500000, wall=16.4min, eta=154.7min)
07:13:41 [iter 25/250] 29.1s trav + 2.0s train (adv_buf=143648, policy_buf=500000, wall=16.9min, eta=152.5min)
07:13:43 [iter 25] checkpoint -> iter_0025.pt
07:14:08 [iter 26/250] 22.3s trav + 2.1s train (adv_buf=147362, policy_buf=500000, wall=17.4min, eta=149.8min)
07:14:34 [iter 27/250] 24.2s trav + 2.4s train (adv_buf=150889, policy_buf=500000, wall=17.8min, eta=147.3min)
07:15:18 [iter 28/250] 41.4s trav + 2.0s train (adv_buf=157828, policy_buf=500000, wall=18.6min, eta=147.1min)
07:15:56 [iter 29/250] 36.2s trav + 2.0s train (adv_buf=164679, policy_buf=500000, wall=19.2min, eta=146.3min)
07:16:17 [iter 30/250] 18.8s trav + 2.0s train (adv_buf=167516, policy_buf=500000, wall=19.5min, eta=143.3min)
07:16:54 [iter 31/250] 35.5s trav + 2.0s train (adv_buf=175317, policy_buf=500000, wall=20.2min, eta=142.5min)
07:17:36 [iter 32/250] 39.8s trav + 2.2s train (adv_buf=181202, policy_buf=500000, wall=20.9min, eta=142.1min)
07:18:03 [iter 33/250] 24.3s trav + 1.9s train (adv_buf=185452, policy_buf=500000, wall=21.3min, eta=140.1min)
07:18:48 [iter 34/250] 43.0s trav + 2.1s train (adv_buf=192617, policy_buf=500000, wall=22.1min, eta=140.1min)
07:19:13 [iter 35/250] 22.8s trav + 2.1s train (adv_buf=196769, policy_buf=500000, wall=22.5min, eta=138.0min)
07:19:44 [iter 36/250] 29.8s trav + 2.0s train (adv_buf=201999, policy_buf=500000, wall=23.0min, eta=136.7min)
07:20:22 [iter 37/250] 35.5s trav + 2.1s train (adv_buf=209284, policy_buf=500000, wall=23.6min, eta=136.0min)
07:21:01 [iter 38/250] 36.6s trav + 2.0s train (adv_buf=216167, policy_buf=500000, wall=24.3min, eta=135.4min)
07:21:30 [iter 39/250] 27.2s trav + 2.0s train (adv_buf=221197, policy_buf=500000, wall=24.8min, eta=133.9min)
07:22:01 [iter 40/250] 28.8s trav + 2.0s train (adv_buf=226626, policy_buf=500000, wall=25.3min, eta=132.7min)
07:22:46 [iter 41/250] 43.8s trav + 2.0s train (adv_buf=235117, policy_buf=500000, wall=26.0min, eta=132.7min)
07:23:14 [iter 42/250] 24.8s trav + 2.4s train (adv_buf=238823, policy_buf=500000, wall=26.5min, eta=131.2min)
07:23:57 [iter 43/250] 41.2s trav + 2.0s train (adv_buf=246491, policy_buf=500000, wall=27.2min, eta=131.0min)
07:24:42 [iter 44/250] 43.1s trav + 2.0s train (adv_buf=254870, policy_buf=500000, wall=28.0min, eta=130.9min)
07:25:11 [iter 45/250] 27.0s trav + 2.1s train (adv_buf=259697, policy_buf=500000, wall=28.4min, eta=129.6min)
07:25:57 [iter 46/250] 43.7s trav + 2.0s train (adv_buf=267802, policy_buf=500000, wall=29.2min, eta=129.5min)
07:26:42 [iter 47/250] 42.7s trav + 2.0s train (adv_buf=276449, policy_buf=500000, wall=30.0min, eta=129.4min)
07:27:07 [iter 48/250] 23.3s trav + 2.0s train (adv_buf=280342, policy_buf=500000, wall=30.4min, eta=127.8min)
07:27:47 [iter 49/250] 38.2s trav + 2.0s train (adv_buf=287919, policy_buf=500000, wall=31.0min, eta=127.3min)
07:28:21 [iter 50/250] 32.3s trav + 2.0s train (adv_buf=293980, policy_buf=500000, wall=31.6min, eta=126.5min)
07:28:24 [iter 50] checkpoint -> iter_0050.pt
07:29:09 [iter 51/250] 42.8s trav + 2.1s train (adv_buf=301006, policy_buf=500000, wall=32.4min, eta=126.5min)
07:29:58 [iter 52/250] 46.3s trav + 2.1s train (adv_buf=308615, policy_buf=500000, wall=33.2min, eta=126.5min)
07:30:35 [iter 53/250] 35.5s trav + 2.0s train (adv_buf=315704, policy_buf=500000, wall=33.8min, eta=125.8min)
07:31:09 [iter 54/250] 32.0s trav + 2.0s train (adv_buf=321476, policy_buf=500000, wall=34.4min, eta=124.9min)
07:31:47 [iter 55/250] 35.4s trav + 2.1s train (adv_buf=328122, policy_buf=500000, wall=35.0min, eta=124.2min)
07:32:15 [iter 56/250] 25.8s trav + 2.1s train (adv_buf=332986, policy_buf=500000, wall=35.5min, eta=123.0min)
07:32:33 [iter 57/250] 16.2s trav + 2.1s train (adv_buf=335793, policy_buf=500000, wall=35.8min, eta=121.2min)
07:32:56 [iter 58/250] 20.7s trav + 2.0s train (adv_buf=339714, policy_buf=500000, wall=36.2min, eta=119.8min)
07:33:32 [iter 59/250] 34.3s trav + 2.1s train (adv_buf=346487, policy_buf=500000, wall=36.8min, eta=119.1min)
07:34:10 [iter 60/250] 35.6s trav + 2.0s train (adv_buf=353433, policy_buf=500000, wall=37.4min, eta=118.5min)
07:34:40 [iter 61/250] 28.6s trav + 2.1s train (adv_buf=358190, policy_buf=500000, wall=37.9min, eta=117.5min)
07:35:16 [iter 62/250] 33.4s trav + 2.1s train (adv_buf=363277, policy_buf=500000, wall=38.5min, eta=116.8min)
07:35:51 [iter 63/250] 33.2s trav + 2.1s train (adv_buf=368924, policy_buf=500000, wall=39.1min, eta=116.1min)
07:36:27 [iter 64/250] 34.0s trav + 2.1s train (adv_buf=375610, policy_buf=500000, wall=39.7min, eta=115.4min)
07:36:54 [iter 65/250] 24.4s trav + 2.0s train (adv_buf=379704, policy_buf=500000, wall=40.2min, eta=114.3min)
07:37:33 [iter 66/250] 37.5s trav + 2.0s train (adv_buf=387337, policy_buf=500000, wall=40.8min, eta=113.8min)
07:38:04 [iter 67/250] 29.0s trav + 2.1s train (adv_buf=392742, policy_buf=500000, wall=41.3min, eta=112.9min)
07:38:32 [iter 68/250] 26.0s trav + 2.1s train (adv_buf=397155, policy_buf=500000, wall=41.8min, eta=111.9min)
07:39:04 [iter 69/250] 30.0s trav + 2.0s train (adv_buf=402763, policy_buf=500000, wall=42.3min, eta=111.0min)
07:39:43 [iter 70/250] 36.3s trav + 2.1s train (adv_buf=409973, policy_buf=500000, wall=43.0min, eta=110.5min)
07:40:30 [iter 71/250] 45.3s trav + 2.1s train (adv_buf=419490, policy_buf=500000, wall=43.8min, eta=110.3min)
07:41:16 [iter 72/250] 43.6s trav + 2.2s train (adv_buf=426803, policy_buf=500000, wall=44.5min, eta=110.1min)
07:42:01 [iter 73/250] 43.2s trav + 2.1s train (adv_buf=435866, policy_buf=500000, wall=45.3min, eta=109.8min)
07:42:33 [iter 74/250] 30.3s trav + 2.1s train (adv_buf=442236, policy_buf=500000, wall=45.8min, eta=109.0min)
07:43:18 [iter 75/250] 42.4s trav + 2.1s train (adv_buf=450192, policy_buf=500000, wall=46.6min, eta=108.6min)
07:43:21 [iter 75] checkpoint -> iter_0075.pt
07:43:52 [iter 76/250] 28.6s trav + 2.0s train (adv_buf=455032, policy_buf=500000, wall=47.1min, eta=107.9min)
07:44:29 [iter 77/250] 34.1s trav + 2.6s train (adv_buf=461063, policy_buf=500000, wall=47.7min, eta=107.3min)
07:45:11 [iter 78/250] 40.5s trav + 2.0s train (adv_buf=469218, policy_buf=500000, wall=48.4min, eta=106.8min)
07:45:36 [iter 79/250] 22.7s trav + 2.1s train (adv_buf=473413, policy_buf=500000, wall=48.9min, eta=105.8min)
07:46:22 [iter 80/250] 44.3s trav + 2.0s train (adv_buf=482006, policy_buf=500000, wall=49.6min, eta=105.5min)
07:47:05 [iter 81/250] 40.5s trav + 2.0s train (adv_buf=490780, policy_buf=500000, wall=50.3min, eta=105.0min)
07:47:36 [iter 82/250] 28.7s trav + 2.7s train (adv_buf=495754, policy_buf=500000, wall=50.9min, eta=104.2min)
07:48:08 [iter 83/250] 29.6s trav + 2.0s train (adv_buf=501534, policy_buf=500000, wall=51.4min, eta=103.4min)
07:48:51 [iter 84/250] 41.3s trav + 2.0s train (adv_buf=510040, policy_buf=500000, wall=52.1min, eta=103.0min)
07:49:22 [iter 85/250] 28.8s trav + 2.0s train (adv_buf=516068, policy_buf=500000, wall=52.6min, eta=102.2min)
07:49:55 [iter 86/250] 30.3s trav + 2.1s train (adv_buf=522191, policy_buf=500000, wall=53.2min, eta=101.4min)
07:50:37 [iter 87/250] 40.5s trav + 2.1s train (adv_buf=530656, policy_buf=500000, wall=53.9min, eta=100.9min)
07:51:26 [iter 88/250] 46.6s trav + 2.1s train (adv_buf=540645, policy_buf=500000, wall=54.7min, eta=100.7min)
07:52:01 [iter 89/250] 32.6s trav + 2.1s train (adv_buf=547248, policy_buf=500000, wall=55.3min, eta=100.0min)
07:52:34 [iter 90/250] 31.0s trav + 2.1s train (adv_buf=553579, policy_buf=500000, wall=55.8min, eta=99.2min)
07:53:12 [iter 91/250] 36.5s trav + 2.1s train (adv_buf=560712, policy_buf=500000, wall=56.5min, eta=98.7min)
07:54:10 [iter 92/250] 55.1s trav + 2.3s train (adv_buf=571429, policy_buf=500000, wall=57.4min, eta=98.6min)
07:54:53 [iter 93/250] 41.2s trav + 2.1s train (adv_buf=580467, policy_buf=500000, wall=58.1min, eta=98.2min)
07:55:21 [iter 94/250] 26.2s trav + 2.1s train (adv_buf=585551, policy_buf=500000, wall=58.6min, eta=97.3min)
07:56:20 [iter 95/250] 56.8s trav + 2.1s train (adv_buf=598411, policy_buf=500000, wall=59.6min, eta=97.2min)
07:57:01 [iter 96/250] 38.7s trav + 2.0s train (adv_buf=606457, policy_buf=500000, wall=60.3min, eta=96.7min)
07:57:42 [iter 97/250] 37.8s trav + 2.7s train (adv_buf=612663, policy_buf=500000, wall=61.0min, eta=96.1min)
07:58:33 [iter 98/250] 49.6s trav + 2.1s train (adv_buf=623308, policy_buf=500000, wall=61.8min, eta=95.9min)
07:59:11 [iter 99/250] 35.4s trav + 2.1s train (adv_buf=630199, policy_buf=500000, wall=62.4min, eta=95.2min)
07:59:47 [iter 100/250] 34.3s trav + 2.1s train (adv_buf=636895, policy_buf=500000, wall=63.0min, eta=94.6min)
07:59:51 [iter 100] checkpoint -> iter_0100.pt
08:00:27 [iter 101/250] 33.6s trav + 2.1s train (adv_buf=643112, policy_buf=500000, wall=63.7min, eta=94.0min)
08:01:10 [iter 102/250] 40.4s trav + 2.1s train (adv_buf=651370, policy_buf=500000, wall=64.4min, eta=93.5min)
08:01:47 [iter 103/250] 35.6s trav + 2.0s train (adv_buf=659029, policy_buf=500000, wall=65.0min, eta=92.8min)
08:02:48 [iter 104/250] 58.6s trav + 2.1s train (adv_buf=672147, policy_buf=500000, wall=66.1min, eta=92.7min)
08:03:25 [iter 105/250] 34.7s trav + 2.1s train (adv_buf=679569, policy_buf=500000, wall=66.7min, eta=92.1min)
08:04:30 [iter 106/250] 62.7s trav + 2.2s train (adv_buf=693966, policy_buf=500000, wall=67.8min, eta=92.0min)
08:05:01 [iter 107/250] 29.0s trav + 2.2s train (adv_buf=699982, policy_buf=500000, wall=68.3min, eta=91.2min)
08:05:26 [iter 108/250] 22.8s trav + 2.2s train (adv_buf=704508, policy_buf=500000, wall=68.7min, eta=90.3min)
08:05:55 [iter 109/250] 27.0s trav + 2.1s train (adv_buf=709471, policy_buf=500000, wall=69.2min, eta=89.5min)
08:06:24 [iter 110/250] 26.7s trav + 2.3s train (adv_buf=714201, policy_buf=500000, wall=69.7min, eta=88.7min)
08:08:18 [iter 111/250] 56.8s trav + 2.2s train (adv_buf=726319, policy_buf=500000, wall=70.6min, eta=88.5min)
08:09:31 [iter 112/250] 71.0s trav + 2.1s train (adv_buf=740027, policy_buf=500000, wall=71.9min, eta=88.5min)
08:09:56 [iter 113/250] 23.0s trav + 2.2s train (adv_buf=744374, policy_buf=500000, wall=72.3min, eta=87.6min)
08:10:38 [iter 114/250] 39.7s trav + 2.1s train (adv_buf=752865, policy_buf=500000, wall=73.0min, eta=87.1min)
08:11:10 [iter 115/250] 29.8s trav + 2.1s train (adv_buf=758944, policy_buf=500000, wall=73.5min, eta=86.3min)
08:11:48 [iter 116/250] 36.0s trav + 2.1s train (adv_buf=766732, policy_buf=500000, wall=74.1min, eta=85.6min)
08:12:28 [iter 117/250] 37.5s trav + 2.2s train (adv_buf=774270, policy_buf=500000, wall=74.8min, eta=85.0min)
08:13:21 [iter 118/250] 51.0s trav + 2.1s train (adv_buf=785659, policy_buf=500000, wall=75.7min, eta=84.7min)
08:14:14 [iter 119/250] 50.4s trav + 2.1s train (adv_buf=796359, policy_buf=500000, wall=76.6min, eta=84.3min)
08:14:57 [iter 120/250] 40.9s trav + 2.2s train (adv_buf=804770, policy_buf=500000, wall=77.3min, eta=83.7min)
08:18:06 [iter 121/250] 185.1s trav + 4.4s train (adv_buf=815173, policy_buf=500000, wall=80.4min, eta=85.8min)
08:19:09 [iter 122/250] 59.8s trav + 3.0s train (adv_buf=821812, policy_buf=500000, wall=81.5min, eta=85.5min)
08:19:46 [iter 123/250] 35.0s trav + 2.1s train (adv_buf=827986, policy_buf=500000, wall=82.1min, eta=84.8min)
08:20:37 [iter 124/250] 48.9s trav + 2.1s train (adv_buf=837832, policy_buf=500000, wall=83.0min, eta=84.3min)
08:21:16 [iter 125/250] 36.4s trav + 2.1s train (adv_buf=845429, policy_buf=500000, wall=83.6min, eta=83.6min)
08:21:21 [iter 125] checkpoint -> iter_0125.pt
08:21:50 [iter 126/250] 26.0s trav + 2.1s train (adv_buf=850365, policy_buf=500000, wall=84.2min, eta=82.8min)
08:22:31 [iter 127/250] 39.0s trav + 2.2s train (adv_buf=856926, policy_buf=500000, wall=84.9min, eta=82.2min)
08:23:16 [iter 128/250] 42.8s trav + 2.1s train (adv_buf=865502, policy_buf=500000, wall=85.6min, eta=81.6min)
08:23:55 [iter 129/250] 37.5s trav + 2.2s train (adv_buf=873464, policy_buf=500000, wall=86.3min, eta=80.9min)
08:24:47 [iter 130/250] 50.2s trav + 2.1s train (adv_buf=884412, policy_buf=500000, wall=87.1min, eta=80.4min)
08:25:30 [iter 131/250] 40.5s trav + 2.1s train (adv_buf=892682, policy_buf=500000, wall=87.8min, eta=79.8min)
08:26:30 [iter 132/250] 58.1s trav + 2.1s train (adv_buf=903655, policy_buf=500000, wall=88.8min, eta=79.4min)
08:27:41 [iter 133/250] 44.0s trav + 2.1s train (adv_buf=912022, policy_buf=500000, wall=89.6min, eta=78.8min)
08:28:12 [iter 134/250] 28.7s trav + 2.0s train (adv_buf=917438, policy_buf=500000, wall=90.1min, eta=78.0min)
08:31:21 [iter 135/250] 56.6s trav + 2.3s train (adv_buf=929162, policy_buf=500000, wall=91.1min, eta=77.6min)
08:31:54 [iter 136/250] 31.4s trav + 2.1s train (adv_buf=934365, policy_buf=500000, wall=91.7min, eta=76.8min)
08:32:48 [iter 137/250] 51.9s trav + 2.1s train (adv_buf=945134, policy_buf=500000, wall=92.6min, eta=76.3min)
08:33:51 [iter 138/250] 55.0s trav + 2.1s train (adv_buf=956560, policy_buf=500000, wall=93.5min, eta=75.9min)
08:36:34 [iter 139/250] 42.8s trav + 2.3s train (adv_buf=964624, policy_buf=500000, wall=94.3min, eta=75.3min)
08:44:28 [iter 140/250] 37.8s trav + 2.4s train (adv_buf=972123, policy_buf=500000, wall=94.9min, eta=74.6min)
08:46:39 [iter 141/250] 50.2s trav + 2.2s train (adv_buf=981910, policy_buf=500000, wall=95.8min, eta=74.1min)
08:48:34 [iter 142/250] 49.3s trav + 2.5s train (adv_buf=990721, policy_buf=500000, wall=96.7min, eta=73.5min)
08:50:06 [iter 143/250] 41.4s trav + 2.2s train (adv_buf=998893, policy_buf=500000, wall=97.4min, eta=72.9min)
08:57:10 [iter 144/250] 42.5s trav + 2.2s train (adv_buf=1006540, policy_buf=500000, wall=98.1min, eta=72.2min)
08:59:26 [iter 145/250] 41.6s trav + 3.1s train (adv_buf=1014362, policy_buf=500000, wall=98.9min, eta=71.6min)
09:02:17 [iter 146/250] 45.6s trav + 2.2s train (adv_buf=1022507, policy_buf=500000, wall=99.7min, eta=71.0min)
09:02:55 [iter 147/250] 35.6s trav + 2.2s train (adv_buf=1029322, policy_buf=500000, wall=100.3min, eta=70.3min)
09:12:57 [iter 148/250] 52.7s trav + 2.2s train (adv_buf=1039970, policy_buf=500000, wall=101.2min, eta=69.8min)
09:15:59 [iter 149/250] 50.8s trav + 2.2s train (adv_buf=1050158, policy_buf=500000, wall=102.1min, eta=69.2min)
09:16:32 [iter 150/250] 30.5s trav + 2.1s train (adv_buf=1055534, policy_buf=500000, wall=102.7min, eta=68.4min)
09:16:38 [iter 150] checkpoint -> iter_0150.pt
09:19:31 [iter 151/250] 54.5s trav + 2.1s train (adv_buf=1065556, policy_buf=500000, wall=103.7min, eta=68.0min)
09:22:24 [iter 152/250] 53.7s trav + 2.1s train (adv_buf=1074136, policy_buf=500000, wall=104.6min, eta=67.5min)
09:25:44 [iter 153/250] 54.3s trav + 2.2s train (adv_buf=1085663, policy_buf=500000, wall=105.6min, eta=66.9min)
09:28:29 [iter 154/250] 46.7s trav + 2.2s train (adv_buf=1094729, policy_buf=500000, wall=106.4min, eta=66.3min)
09:29:45 [iter 155/250] 48.2s trav + 2.2s train (adv_buf=1103902, policy_buf=500000, wall=107.2min, eta=65.7min)
09:31:51 [iter 156/250] 38.5s trav + 2.1s train (adv_buf=1111280, policy_buf=500000, wall=107.9min, eta=65.0min)
09:35:34 [iter 157/250] 58.2s trav + 2.2s train (adv_buf=1122989, policy_buf=500000, wall=108.9min, eta=64.5min)
09:40:37 [iter 158/250] 46.2s trav + 2.2s train (adv_buf=1132027, policy_buf=500000, wall=109.7min, eta=63.9min)
09:45:45 [iter 159/250] 50.3s trav + 2.6s train (adv_buf=1141635, policy_buf=500000, wall=110.6min, eta=63.3min)
09:48:18 [iter 160/250] 49.7s trav + 2.2s train (adv_buf=1152463, policy_buf=500000, wall=111.5min, eta=62.7min)
09:51:05 [iter 161/250] 44.2s trav + 2.3s train (adv_buf=1160679, policy_buf=500000, wall=112.2min, eta=62.0min)
09:55:58 [iter 162/250] 53.3s trav + 2.2s train (adv_buf=1170046, policy_buf=500000, wall=113.2min, eta=61.5min)
10:00:45 [iter 163/250] 63.2s trav + 2.2s train (adv_buf=1183563, policy_buf=500000, wall=114.3min, eta=61.0min)
10:01:32 [iter 164/250] 44.2s trav + 2.1s train (adv_buf=1192046, policy_buf=500000, wall=115.0min, eta=60.3min)
10:05:47 [iter 165/250] 63.0s trav + 2.3s train (adv_buf=1202060, policy_buf=500000, wall=116.1min, eta=59.8min)
10:06:42 [iter 166/250] 52.5s trav + 2.2s train (adv_buf=1212554, policy_buf=500000, wall=117.0min, eta=59.2min)
10:07:27 [iter 167/250] 42.8s trav + 2.4s train (adv_buf=1221598, policy_buf=500000, wall=117.8min, eta=58.5min)
10:08:17 [iter 168/250] 47.2s trav + 2.2s train (adv_buf=1230838, policy_buf=500000, wall=118.6min, eta=57.9min)
10:10:13 [iter 169/250] 43.0s trav + 2.2s train (adv_buf=1238601, policy_buf=500000, wall=119.4min, eta=57.2min)
10:13:08 [iter 170/250] 37.0s trav + 2.1s train (adv_buf=1245274, policy_buf=500000, wall=120.0min, eta=56.5min)
10:14:56 [iter 171/250] 68.6s trav + 2.5s train (adv_buf=1258146, policy_buf=500000, wall=121.2min, eta=56.0min)
10:15:51 [iter 172/250] 53.3s trav + 2.3s train (adv_buf=1267768, policy_buf=500000, wall=122.1min, eta=55.4min)
10:16:33 [iter 173/250] 39.8s trav + 2.2s train (adv_buf=1275814, policy_buf=500000, wall=122.8min, eta=54.7min)
10:17:21 [iter 174/250] 45.8s trav + 2.4s train (adv_buf=1285415, policy_buf=500000, wall=123.6min, eta=54.0min)
10:17:59 [iter 175/250] 35.0s trav + 2.3s train (adv_buf=1292216, policy_buf=500000, wall=124.3min, eta=53.3min)
10:18:06 [iter 175] checkpoint -> iter_0175.pt
10:18:54 [iter 176/250] 46.4s trav + 2.2s train (adv_buf=1301586, policy_buf=500000, wall=125.2min, eta=52.6min)
10:20:00 [iter 177/250] 63.5s trav + 2.3s train (adv_buf=1313461, policy_buf=500000, wall=126.3min, eta=52.1min)
10:20:54 [iter 178/250] 51.8s trav + 2.3s train (adv_buf=1323316, policy_buf=500000, wall=127.2min, eta=51.4min)
10:21:29 [iter 179/250] 32.9s trav + 2.2s train (adv_buf=1329224, policy_buf=500000, wall=127.8min, eta=50.7min)
10:22:15 [iter 180/250] 43.8s trav + 2.2s train (adv_buf=1338667, policy_buf=500000, wall=128.5min, eta=50.0min)
10:22:58 [iter 181/250] 40.1s trav + 2.3s train (adv_buf=1346290, policy_buf=500000, wall=129.2min, eta=49.3min)
10:23:50 [iter 182/250] 49.6s trav + 2.5s train (adv_buf=1354937, policy_buf=500000, wall=130.1min, eta=48.6min)
10:24:48 [iter 183/250] 55.7s trav + 2.3s train (adv_buf=1365887, policy_buf=500000, wall=131.1min, eta=48.0min)
10:25:49 [iter 184/250] 58.5s trav + 2.3s train (adv_buf=1378528, policy_buf=500000, wall=132.1min, eta=47.4min)
10:26:35 [iter 185/250] 43.8s trav + 2.2s train (adv_buf=1387063, policy_buf=500000, wall=132.9min, eta=46.7min)
10:27:18 [iter 186/250] 40.7s trav + 2.3s train (adv_buf=1395207, policy_buf=500000, wall=133.6min, eta=46.0min)
10:27:59 [iter 187/250] 39.5s trav + 2.3s train (adv_buf=1402797, policy_buf=500000, wall=134.3min, eta=45.2min)
10:28:50 [iter 188/250] 48.2s trav + 2.4s train (adv_buf=1412036, policy_buf=500000, wall=135.1min, eta=44.6min)
10:29:33 [iter 189/250] 40.6s trav + 2.4s train (adv_buf=1420441, policy_buf=500000, wall=135.8min, eta=43.8min)
10:30:19 [iter 190/250] 43.6s trav + 2.2s train (adv_buf=1429430, policy_buf=500000, wall=136.6min, eta=43.1min)
10:31:00 [iter 191/250] 39.1s trav + 2.2s train (adv_buf=1437077, policy_buf=500000, wall=137.3min, eta=42.4min)
10:31:45 [iter 192/250] 41.9s trav + 2.5s train (adv_buf=1444078, policy_buf=500000, wall=138.0min, eta=41.7min)
10:32:28 [iter 193/250] 41.0s trav + 2.2s train (adv_buf=1451735, policy_buf=500000, wall=138.7min, eta=41.0min)
10:33:01 [iter 194/250] 31.4s trav + 2.2s train (adv_buf=1457351, policy_buf=500000, wall=139.3min, eta=40.2min)
10:33:41 [iter 195/250] 37.8s trav + 2.2s train (adv_buf=1464648, policy_buf=500000, wall=140.0min, eta=39.5min)
10:34:17 [iter 196/250] 33.3s trav + 2.2s train (adv_buf=1470653, policy_buf=500000, wall=140.6min, eta=38.7min)
10:34:50 [iter 197/250] 30.5s trav + 2.2s train (adv_buf=1475972, policy_buf=500000, wall=141.1min, eta=38.0min)
10:35:26 [iter 198/250] 34.5s trav + 2.2s train (adv_buf=1482254, policy_buf=500000, wall=141.7min, eta=37.2min)
10:36:10 [iter 199/250] 41.9s trav + 2.2s train (adv_buf=1490036, policy_buf=500000, wall=142.4min, eta=36.5min)
10:36:55 [iter 200/250] 42.6s trav + 2.2s train (adv_buf=1498706, policy_buf=500000, wall=143.2min, eta=35.8min)
10:37:03 [iter 200] checkpoint -> iter_0200.pt
10:37:59 [iter 201/250] 53.0s trav + 2.4s train (adv_buf=1510329, policy_buf=500000, wall=144.2min, eta=35.2min)
10:38:56 [iter 202/250] 55.6s trav + 2.2s train (adv_buf=1522355, policy_buf=500000, wall=145.2min, eta=34.5min)
10:39:37 [iter 203/250] 39.0s trav + 2.2s train (adv_buf=1530275, policy_buf=500000, wall=145.9min, eta=33.8min)
10:40:26 [iter 204/250] 46.2s trav + 2.2s train (adv_buf=1539670, policy_buf=500000, wall=146.7min, eta=33.1min)
10:41:18 [iter 205/250] 49.9s trav + 2.2s train (adv_buf=1550044, policy_buf=500000, wall=147.6min, eta=32.4min)
10:42:18 [iter 206/250] 57.9s trav + 2.2s train (adv_buf=1562581, policy_buf=500000, wall=148.6min, eta=31.7min)
10:42:53 [iter 207/250] 32.5s trav + 2.2s train (adv_buf=1569017, policy_buf=500000, wall=149.2min, eta=31.0min)
10:43:33 [iter 208/250] 38.4s trav + 2.3s train (adv_buf=1576853, policy_buf=500000, wall=149.8min, eta=30.3min)
10:44:08 [iter 209/250] 32.4s trav + 2.3s train (adv_buf=1582954, policy_buf=500000, wall=150.4min, eta=29.5min)
10:44:48 [iter 210/250] 37.1s trav + 2.2s train (adv_buf=1590180, policy_buf=500000, wall=151.1min, eta=28.8min)
10:45:26 [iter 211/250] 36.5s trav + 2.3s train (adv_buf=1597585, policy_buf=500000, wall=151.7min, eta=28.0min)
10:46:05 [iter 212/250] 36.3s trav + 2.4s train (adv_buf=1603411, policy_buf=500000, wall=152.4min, eta=27.3min)
10:46:41 [iter 213/250] 34.0s trav + 2.2s train (adv_buf=1610504, policy_buf=500000, wall=153.0min, eta=26.6min)
10:47:30 [iter 214/250] 46.6s trav + 2.2s train (adv_buf=1620256, policy_buf=500000, wall=153.8min, eta=25.9min)
10:48:11 [iter 215/250] 38.9s trav + 2.3s train (adv_buf=1627630, policy_buf=500000, wall=154.5min, eta=25.1min)
10:49:01 [iter 216/250] 48.1s trav + 2.2s train (adv_buf=1637157, policy_buf=500000, wall=155.3min, eta=24.4min)
10:49:45 [iter 217/250] 40.8s trav + 2.3s train (adv_buf=1645216, policy_buf=500000, wall=156.0min, eta=23.7min)
10:50:22 [iter 218/250] 35.6s trav + 2.2s train (adv_buf=1651832, policy_buf=500000, wall=156.6min, eta=23.0min)
10:51:02 [iter 219/250] 36.9s trav + 2.2s train (adv_buf=1658700, policy_buf=500000, wall=157.3min, eta=22.3min)
10:51:40 [iter 220/250] 36.4s trav + 2.2s train (adv_buf=1665477, policy_buf=500000, wall=157.9min, eta=21.5min)
10:52:21 [iter 221/250] 38.9s trav + 2.2s train (adv_buf=1673302, policy_buf=500000, wall=158.6min, eta=20.8min)
10:53:10 [iter 222/250] 46.8s trav + 2.3s train (adv_buf=1680946, policy_buf=500000, wall=159.4min, eta=20.1min)
10:53:46 [iter 223/250] 33.0s trav + 2.2s train (adv_buf=1686810, policy_buf=500000, wall=160.0min, eta=19.4min)
10:54:24 [iter 224/250] 35.6s trav + 2.2s train (adv_buf=1693952, policy_buf=500000, wall=160.7min, eta=18.6min)
10:54:58 [iter 225/250] 32.6s trav + 2.3s train (adv_buf=1700165, policy_buf=500000, wall=161.2min, eta=17.9min)
10:55:08 [iter 225] checkpoint -> iter_0225.pt
10:55:58 [iter 226/250] 47.6s trav + 2.2s train (adv_buf=1710039, policy_buf=500000, wall=162.2min, eta=17.2min)
10:56:53 [iter 227/250] 52.5s trav + 2.3s train (adv_buf=1720301, policy_buf=500000, wall=163.2min, eta=16.5min)
10:57:29 [iter 228/250] 33.5s trav + 2.2s train (adv_buf=1726140, policy_buf=500000, wall=163.8min, eta=15.8min)
10:58:03 [iter 229/250] 32.0s trav + 2.3s train (adv_buf=1731399, policy_buf=500000, wall=164.3min, eta=15.1min)
10:58:41 [iter 230/250] 36.4s trav + 2.3s train (adv_buf=1738389, policy_buf=500000, wall=165.0min, eta=14.3min)
10:59:32 [iter 231/250] 48.5s trav + 2.3s train (adv_buf=1748078, policy_buf=500000, wall=165.8min, eta=13.6min)
11:00:13 [iter 232/250] 38.5s trav + 2.5s train (adv_buf=1755260, policy_buf=500000, wall=166.5min, eta=12.9min)
11:00:56 [iter 233/250] 40.7s trav + 2.2s train (adv_buf=1763068, policy_buf=500000, wall=167.2min, eta=12.2min)
11:01:29 [iter 234/250] 30.4s trav + 2.2s train (adv_buf=1768379, policy_buf=500000, wall=167.8min, eta=11.5min)
11:02:06 [iter 235/250] 35.4s trav + 2.3s train (adv_buf=1774972, policy_buf=500000, wall=168.4min, eta=10.7min)
11:02:52 [iter 236/250] 43.7s trav + 2.2s train (adv_buf=1783868, policy_buf=500000, wall=169.1min, eta=10.0min)
11:03:36 [iter 237/250] 41.4s trav + 2.3s train (adv_buf=1791483, policy_buf=500000, wall=169.9min, eta=9.3min)
11:04:28 [iter 238/250] 49.3s trav + 2.9s train (adv_buf=1798579, policy_buf=500000, wall=170.7min, eta=8.6min)
11:05:19 [iter 239/250] 48.3s trav + 2.3s train (adv_buf=1804712, policy_buf=500000, wall=171.6min, eta=7.9min)
11:06:02 [iter 240/250] 40.6s trav + 2.2s train (adv_buf=1810661, policy_buf=500000, wall=172.3min, eta=7.2min)
11:06:42 [iter 241/250] 38.2s trav + 2.2s train (adv_buf=1816809, policy_buf=500000, wall=173.0min, eta=6.5min)
11:07:37 [iter 242/250] 52.4s trav + 2.3s train (adv_buf=1822756, policy_buf=500000, wall=173.9min, eta=5.7min)
11:08:12 [iter 243/250] 33.1s trav + 2.3s train (adv_buf=1827912, policy_buf=500000, wall=174.5min, eta=5.0min)
11:09:00 [iter 244/250] 45.1s trav + 2.4s train (adv_buf=1834710, policy_buf=500000, wall=175.3min, eta=4.3min)
11:09:55 [iter 245/250] 52.5s trav + 2.2s train (adv_buf=1842310, policy_buf=500000, wall=176.2min, eta=3.6min)
11:10:41 [iter 246/250] 44.5s trav + 2.3s train (adv_buf=1848402, policy_buf=500000, wall=177.0min, eta=2.9min)
11:11:30 [iter 247/250] 46.5s trav + 2.4s train (adv_buf=1855978, policy_buf=500000, wall=177.8min, eta=2.2min)
11:12:13 [iter 248/250] 40.2s trav + 2.2s train (adv_buf=1861959, policy_buf=500000, wall=178.5min, eta=1.4min)
11:13:01 [iter 249/250] 46.2s trav + 2.3s train (adv_buf=1868580, policy_buf=500000, wall=179.3min, eta=0.7min)
11:13:37 [iter 250/250] 33.3s trav + 2.3s train (adv_buf=1873585, policy_buf=500000, wall=179.9min, eta=0.0min)
11:13:47 [iter 250] checkpoint -> iter_0250.pt
11:13:47 training advantage phase done; entering policy-net training
11:13:54 policy-net training done in 7.0s
11:13:54 TRAINING COMPLETE — total wall-clock 180.17 min
11:13:54 trainer.train returned after 180.2min
11:13:54 lookup stats: {'hits_exact': 257950, 'hits_lru': 8845581, 'misses': 294436} (total=9397967, hit_rate=0.969, lru_size=294436/2000000)
11:13:54 exporting strategy -> sqlite:////Users/joshuatseppich/projects/decision-db/strategy-pilot.db (version=1)
11:14:36 exported 422093 distinct infosets
11:14:36 PILOT DONE
