20:40:03 loading abstraction from abstraction/
20:40:03   loaded_streets=('flop', 'turn', 'river'), lru_max=2000000
20:40:03 warming preflop-tier cache (~6s)...
20:40:05 config: DeepCFRConfig(advantage_hidden=(256, 256, 256), policy_hidden=(256, 256, 256), activation='relu', layer_norm=True, learning_rate=0.001, optimizer='adam', grad_clip=1.0, batch_size=256, outer_iters=250, traversals_per_iter=400, train_steps_per_iter=200, policy_train_steps=40000, advantage_buffer_size=500000, policy_buffer_size=3000000, cfr_weighting='linear', num_players_train=(6, 8, 9), seat_randomization=True, seed=2026, checkpoint_every=25, lbr_every=25)
20:40:05 training at table_size=9
20:40:05 training -> training/pilot-v2-9max/
20:40:31 [iter 1/250] 22.1s trav + 3.1s train (adv_buf=996, policy_buf=12245, wall=0.4min, eta=104.6min)
20:44:21 [iter 2/250] 227.0s trav + 2.9s train (adv_buf=20302, policy_buf=147711, wall=4.3min, eta=527.3min)
20:44:41 [iter 3/250] 17.0s trav + 3.1s train (adv_buf=21114, policy_buf=156871, wall=4.6min, eta=377.7min)
20:45:21 [iter 4/250] 37.0s trav + 3.0s train (adv_buf=22977, policy_buf=171074, wall=5.3min, eta=323.1min)
20:45:42 [iter 5/250] 18.6s trav + 2.9s train (adv_buf=24447, policy_buf=182766, wall=5.6min, eta=275.0min)
20:46:06 [iter 6/250] 19.3s trav + 4.1s train (adv_buf=26069, policy_buf=194282, wall=6.0min, eta=244.1min)
20:46:35 [iter 7/250] 23.8s trav + 6.0s train (adv_buf=27527, policy_buf=204900, wall=6.5min, eta=225.6min)
20:47:14 [iter 8/250] 36.0s trav + 2.9s train (adv_buf=30178, policy_buf=219172, wall=7.1min, eta=216.2min)
20:47:38 [iter 9/250] 21.1s trav + 3.0s train (adv_buf=32556, policy_buf=231720, wall=7.5min, eta=202.1min)
20:48:05 [iter 10/250] 23.4s trav + 3.4s train (adv_buf=34331, policy_buf=243188, wall=8.0min, eta=191.9min)
20:48:48 [iter 11/250] 40.2s trav + 2.8s train (adv_buf=39004, policy_buf=261567, wall=8.7min, eta=189.3min)
20:49:26 [iter 12/250] 34.6s trav + 3.1s train (adv_buf=42275, policy_buf=277877, wall=9.3min, eta=185.3min)
20:49:58 [iter 13/250] 29.3s trav + 3.2s train (adv_buf=44345, policy_buf=291736, wall=9.9min, eta=180.2min)
20:50:16 [iter 14/250] 14.3s trav + 2.9s train (adv_buf=45197, policy_buf=300785, wall=10.2min, eta=171.4min)
20:50:56 [iter 15/250] 37.1s trav + 2.9s train (adv_buf=47804, policy_buf=317778, wall=10.8min, eta=169.8min)
20:51:25 [iter 16/250] 25.1s trav + 4.0s train (adv_buf=49876, policy_buf=331279, wall=11.3min, eta=165.6min)
20:51:53 [iter 17/250] 24.7s trav + 3.4s train (adv_buf=51388, policy_buf=343838, wall=11.8min, eta=161.6min)
20:52:28 [iter 18/250] 32.1s trav + 3.1s train (adv_buf=53426, policy_buf=358435, wall=12.4min, eta=159.5min)
20:52:54 [iter 19/250] 23.4s trav + 3.0s train (adv_buf=55075, policy_buf=371181, wall=12.8min, eta=155.8min)
20:53:33 [iter 20/250] 36.0s trav + 2.9s train (adv_buf=57563, policy_buf=386996, wall=13.5min, eta=154.8min)
20:54:03 [iter 21/250] 26.3s trav + 4.0s train (adv_buf=59240, policy_buf=401462, wall=14.0min, eta=152.3min)
20:54:38 [iter 22/250] 30.5s trav + 3.7s train (adv_buf=60963, policy_buf=414129, wall=14.5min, eta=150.7min)
20:55:05 [iter 23/250] 24.7s trav + 2.8s train (adv_buf=62505, policy_buf=427914, wall=15.0min, eta=148.0min)
20:55:43 [iter 24/250] 34.5s trav + 2.8s train (adv_buf=65076, policy_buf=443370, wall=15.6min, eta=147.1min)
20:56:05 [iter 25/250] 19.5s trav + 2.9s train (adv_buf=66691, policy_buf=455983, wall=16.0min, eta=143.9min)
20:56:08 [iter 25] checkpoint -> iter_0025.pt
20:56:08   policy_reservoir unique-key by street: preflop=184591 flop=52295 turn=58118 river=79171 (total unique=374175 / size=455983 / capacity=3000000)
20:56:44 [iter 26/250] 33.4s trav + 2.9s train (adv_buf=68645, policy_buf=470778, wall=16.6min, eta=143.4min)
20:57:07 [iter 27/250] 19.8s trav + 2.9s train (adv_buf=70321, policy_buf=483797, wall=17.0min, eta=140.6min)
20:57:41 [iter 28/250] 30.0s trav + 4.1s train (adv_buf=72522, policy_buf=498092, wall=17.6min, eta=139.5min)
20:58:09 [iter 29/250] 25.2s trav + 3.2s train (adv_buf=74295, policy_buf=511810, wall=18.1min, eta=137.6min)
20:58:53 [iter 30/250] 41.1s trav + 2.8s train (adv_buf=78509, policy_buf=531916, wall=18.8min, eta=137.8min)
20:59:47 [iter 31/250] 22.8s trav + 3.6s train (adv_buf=80084, policy_buf=545698, wall=19.2min, eta=135.9min)
21:00:21 [iter 32/250] 30.6s trav + 3.2s train (adv_buf=82336, policy_buf=560867, wall=19.8min, eta=134.9min)
21:01:16 [iter 33/250] 22.8s trav + 3.1s train (adv_buf=84063, policy_buf=574848, wall=20.2min, eta=133.0min)
21:01:53 [iter 34/250] 34.3s trav + 2.9s train (adv_buf=86395, policy_buf=590994, wall=20.9min, eta=132.5min)
21:02:17 [iter 35/250] 20.8s trav + 2.9s train (adv_buf=88282, policy_buf=604888, wall=21.2min, eta=130.5min)
21:02:44 [iter 36/250] 23.5s trav + 3.4s train (adv_buf=89612, policy_buf=616881, wall=21.7min, eta=129.0min)
21:03:20 [iter 37/250] 33.1s trav + 2.9s train (adv_buf=91772, policy_buf=633024, wall=22.3min, eta=128.4min)
21:03:47 [iter 38/250] 24.3s trav + 3.2s train (adv_buf=93447, policy_buf=647850, wall=22.8min, eta=126.9min)
21:04:22 [iter 39/250] 32.0s trav + 3.0s train (adv_buf=95465, policy_buf=662695, wall=23.3min, eta=126.3min)
21:04:43 [iter 40/250] 17.8s trav + 3.1s train (adv_buf=96467, policy_buf=673247, wall=23.7min, eta=124.4min)
21:05:09 [iter 41/250] 22.3s trav + 3.4s train (adv_buf=97878, policy_buf=685610, wall=24.1min, eta=122.9min)
21:05:38 [iter 42/250] 25.6s trav + 3.5s train (adv_buf=99504, policy_buf=697637, wall=24.6min, eta=121.8min)
21:06:12 [iter 43/250] 30.7s trav + 3.1s train (adv_buf=101526, policy_buf=712165, wall=25.2min, eta=121.1min)
21:06:34 [iter 44/250] 19.6s trav + 2.9s train (adv_buf=103350, policy_buf=724820, wall=25.5min, eta=119.6min)
21:07:01 [iter 45/250] 22.8s trav + 3.5s train (adv_buf=104899, policy_buf=736539, wall=26.0min, eta=118.3min)
21:07:32 [iter 46/250] 28.5s trav + 3.4s train (adv_buf=106934, policy_buf=750764, wall=26.5min, eta=117.6min)
21:07:56 [iter 47/250] 20.2s trav + 2.9s train (adv_buf=108532, policy_buf=764192, wall=26.9min, eta=116.2min)
21:08:27 [iter 48/250] 27.6s trav + 3.5s train (adv_buf=110232, policy_buf=778352, wall=27.4min, eta=115.4min)
21:08:58 [iter 49/250] 27.8s trav + 3.4s train (adv_buf=112152, policy_buf=791814, wall=27.9min, eta=114.6min)
21:09:32 [iter 50/250] 31.3s trav + 3.3s train (adv_buf=114904, policy_buf=807908, wall=28.5min, eta=114.0min)
21:09:36 [iter 50] checkpoint -> iter_0050.pt
21:09:37   policy_reservoir unique-key by street: preflop=367319 flop=85159 turn=75096 river=91201 (total unique=618775 / size=807908 / capacity=3000000)
21:10:10 [iter 51/250] 30.2s trav + 3.2s train (adv_buf=117346, policy_buf=824187, wall=29.1min, eta=113.7min)
21:10:39 [iter 52/250] 26.1s trav + 3.0s train (adv_buf=119757, policy_buf=840499, wall=29.6min, eta=112.8min)
21:11:05 [iter 53/250] 22.2s trav + 3.5s train (adv_buf=121429, policy_buf=852728, wall=30.0min, eta=111.7min)
21:11:34 [iter 54/250] 25.8s trav + 3.8s train (adv_buf=123255, policy_buf=865874, wall=30.5min, eta=110.8min)
21:12:06 [iter 55/250] 28.4s trav + 3.4s train (adv_buf=125043, policy_buf=879814, wall=31.1min, eta=110.2min)
21:12:32 [iter 56/250] 22.8s trav + 2.9s train (adv_buf=127334, policy_buf=894500, wall=31.5min, eta=109.1min)
21:13:01 [iter 57/250] 26.0s trav + 3.5s train (adv_buf=129308, policy_buf=908278, wall=32.0min, eta=108.3min)
21:13:27 [iter 58/250] 22.5s trav + 3.6s train (adv_buf=130837, policy_buf=919775, wall=32.4min, eta=107.3min)
21:13:51 [iter 59/250] 20.3s trav + 3.5s train (adv_buf=131789, policy_buf=929958, wall=32.8min, eta=106.3min)
21:14:15 [iter 60/250] 20.6s trav + 3.5s train (adv_buf=132900, policy_buf=940302, wall=33.2min, eta=105.2min)
21:14:40 [iter 61/250] 20.5s trav + 4.0s train (adv_buf=133973, policy_buf=950809, wall=33.6min, eta=104.2min)
21:15:07 [iter 62/250] 23.8s trav + 3.6s train (adv_buf=135552, policy_buf=962343, wall=34.1min, eta=103.4min)
21:15:35 [iter 63/250] 24.2s trav + 3.6s train (adv_buf=137162, policy_buf=974675, wall=34.6min, eta=102.6min)
21:16:00 [iter 64/250] 20.3s trav + 4.2s train (adv_buf=138397, policy_buf=984813, wall=35.0min, eta=101.6min)
21:16:26 [iter 65/250] 22.9s trav + 3.7s train (adv_buf=139680, policy_buf=996410, wall=35.4min, eta=100.8min)
21:16:51 [iter 66/250] 21.5s trav + 3.6s train (adv_buf=140738, policy_buf=1007206, wall=35.8min, eta=99.9min)
21:17:18 [iter 67/250] 23.4s trav + 3.6s train (adv_buf=142066, policy_buf=1018972, wall=36.3min, eta=99.1min)
21:17:48 [iter 68/250] 26.2s trav + 3.7s train (adv_buf=143204, policy_buf=1030443, wall=36.8min, eta=98.4min)
21:20:48 [iter 69/250] 25.1s trav + 3.7s train (adv_buf=144445, policy_buf=1041816, wall=37.2min, eta=97.7min)
21:21:09 [iter 70/250] 18.1s trav + 3.5s train (adv_buf=145609, policy_buf=1051534, wall=37.6min, eta=96.7min)
21:23:09 [iter 71/250] 26.5s trav + 3.8s train (adv_buf=146813, policy_buf=1063230, wall=38.1min, eta=96.1min)
21:23:33 [iter 72/250] 20.7s trav + 3.3s train (adv_buf=148150, policy_buf=1074693, wall=38.5min, eta=95.2min)
21:27:05 [iter 73/250] 21.3s trav + 3.4s train (adv_buf=149407, policy_buf=1085822, wall=38.9min, eta=94.4min)
21:27:30 [iter 74/250] 22.0s trav + 3.5s train (adv_buf=150657, policy_buf=1097554, wall=39.4min, eta=93.6min)
21:27:55 [iter 75/250] 21.5s trav + 3.7s train (adv_buf=152052, policy_buf=1108756, wall=39.8min, eta=92.8min)
21:28:04 [iter 75] checkpoint -> iter_0075.pt
21:28:04   policy_reservoir unique-key by street: preflop=515205 flop=104102 turn=84367 river=97834 (total unique=801508 / size=1108756 / capacity=3000000)
21:31:30 [iter 76/250] 20.5s trav + 3.6s train (adv_buf=153474, policy_buf=1119006, wall=40.3min, eta=92.3min)
21:31:55 [iter 77/250] 21.9s trav + 3.6s train (adv_buf=154963, policy_buf=1131742, wall=40.7min, eta=91.5min)
21:32:38 [iter 78/250] 18.4s trav + 3.7s train (adv_buf=155958, policy_buf=1141493, wall=41.1min, eta=90.7min)
21:32:58 [iter 79/250] 16.4s trav + 3.5s train (adv_buf=156810, policy_buf=1150487, wall=41.4min, eta=89.7min)
21:33:18 [iter 80/250] 16.9s trav + 3.7s train (adv_buf=157761, policy_buf=1159723, wall=41.8min, eta=88.8min)
21:34:16 [iter 81/250] 24.5s trav + 3.5s train (adv_buf=159147, policy_buf=1171279, wall=42.3min, eta=88.2min)
21:39:17 [iter 82/250] 30.5s trav + 3.8s train (adv_buf=161517, policy_buf=1184690, wall=42.8min, eta=87.7min)
21:39:39 [iter 83/250] 18.9s trav + 3.2s train (adv_buf=163054, policy_buf=1196561, wall=43.2min, eta=86.9min)
21:40:00 [iter 84/250] 16.5s trav + 3.9s train (adv_buf=164035, policy_buf=1205502, wall=43.5min, eta=86.0min)
21:40:30 [iter 85/250] 25.8s trav + 4.1s train (adv_buf=165752, policy_buf=1218079, wall=44.0min, eta=85.5min)
21:40:59 [iter 86/250] 26.1s trav + 3.4s train (adv_buf=167138, policy_buf=1230862, wall=44.5min, eta=84.9min)
21:41:23 [iter 87/250] 19.9s trav + 3.6s train (adv_buf=168227, policy_buf=1240933, wall=44.9min, eta=84.2min)
21:41:47 [iter 88/250] 21.1s trav + 3.4s train (adv_buf=169414, policy_buf=1252323, wall=45.3min, eta=83.4min)
21:42:10 [iter 89/250] 19.0s trav + 3.5s train (adv_buf=170712, policy_buf=1262634, wall=45.7min, eta=82.7min)
21:42:34 [iter 90/250] 20.2s trav + 3.5s train (adv_buf=171791, policy_buf=1272989, wall=46.1min, eta=82.0min)
21:42:57 [iter 91/250] 20.1s trav + 3.5s train (adv_buf=173165, policy_buf=1283787, wall=46.5min, eta=81.2min)
21:43:15 [iter 92/250] 14.7s trav + 3.4s train (adv_buf=174180, policy_buf=1292839, wall=46.8min, eta=80.4min)
21:43:41 [iter 93/250] 22.1s trav + 3.5s train (adv_buf=175683, policy_buf=1304240, wall=47.2min, eta=79.7min)
21:44:08 [iter 94/250] 23.3s trav + 3.8s train (adv_buf=177043, policy_buf=1316274, wall=47.7min, eta=79.1min)
21:44:34 [iter 95/250] 22.2s trav + 3.6s train (adv_buf=178071, policy_buf=1326680, wall=48.1min, eta=78.5min)
21:45:08 [iter 96/250] 30.9s trav + 3.2s train (adv_buf=180050, policy_buf=1340725, wall=48.7min, eta=78.1min)
21:45:30 [iter 97/250] 18.9s trav + 3.1s train (adv_buf=181581, policy_buf=1352107, wall=49.0min, eta=77.3min)
21:46:02 [iter 98/250] 28.8s trav + 3.5s train (adv_buf=183244, policy_buf=1365959, wall=49.6min, eta=76.9min)
21:46:29 [iter 99/250] 23.4s trav + 3.4s train (adv_buf=185205, policy_buf=1378259, wall=50.0min, eta=76.3min)
21:46:53 [iter 100/250] 19.7s trav + 4.0s train (adv_buf=186395, policy_buf=1388986, wall=50.4min, eta=75.6min)
21:47:03 [iter 100] checkpoint -> iter_0100.pt
21:47:03   policy_reservoir unique-key by street: preflop=638395 flop=119090 turn=92745 river=102937 (total unique=953167 / size=1388986 / capacity=3000000)
21:47:32 [iter 101/250] 25.3s trav + 3.1s train (adv_buf=187934, policy_buf=1401532, wall=51.1min, eta=75.3min)
21:47:50 [iter 102/250] 15.5s trav + 2.9s train (adv_buf=188977, policy_buf=1412042, wall=51.4min, eta=74.5min)
21:48:12 [iter 103/250] 18.6s trav + 3.0s train (adv_buf=190593, policy_buf=1424379, wall=51.7min, eta=73.8min)
21:48:32 [iter 104/250] 17.3s trav + 3.1s train (adv_buf=191856, policy_buf=1435330, wall=52.1min, eta=73.1min)
21:48:51 [iter 105/250] 16.1s trav + 2.9s train (adv_buf=193190, policy_buf=1445742, wall=52.4min, eta=72.4min)
21:49:13 [iter 106/250] 18.3s trav + 3.5s train (adv_buf=194685, policy_buf=1457011, wall=52.8min, eta=71.7min)
21:49:44 [iter 107/250] 26.9s trav + 3.6s train (adv_buf=196727, policy_buf=1470353, wall=53.3min, eta=71.2min)
21:50:07 [iter 108/250] 20.4s trav + 3.5s train (adv_buf=198189, policy_buf=1481482, wall=53.7min, eta=70.6min)
21:50:32 [iter 109/250] 20.7s trav + 3.8s train (adv_buf=199275, policy_buf=1492325, wall=54.1min, eta=69.9min)
21:50:59 [iter 110/250] 23.3s trav + 3.9s train (adv_buf=200625, policy_buf=1504208, wall=54.5min, eta=69.4min)
21:51:22 [iter 111/250] 19.3s trav + 3.5s train (adv_buf=201894, policy_buf=1514655, wall=54.9min, eta=68.8min)
21:51:42 [iter 112/250] 17.0s trav + 3.4s train (adv_buf=203076, policy_buf=1524455, wall=55.2min, eta=68.1min)
21:52:05 [iter 113/250] 18.5s trav + 3.6s train (adv_buf=204371, policy_buf=1534362, wall=55.6min, eta=67.4min)
21:52:29 [iter 114/250] 21.2s trav + 3.6s train (adv_buf=205566, policy_buf=1545702, wall=56.0min, eta=66.8min)
21:52:54 [iter 115/250] 20.8s trav + 3.5s train (adv_buf=206982, policy_buf=1556809, wall=56.4min, eta=66.2min)
21:53:16 [iter 116/250] 18.8s trav + 3.7s train (adv_buf=208008, policy_buf=1566749, wall=56.8min, eta=65.6min)
21:54:17 [iter 117/250] 23.3s trav + 4.3s train (adv_buf=209271, policy_buf=1578521, wall=57.3min, eta=65.1min)
21:54:53 [iter 118/250] 33.2s trav + 2.9s train (adv_buf=211384, policy_buf=1593618, wall=57.9min, eta=64.7min)
21:55:23 [iter 119/250] 16.9s trav + 2.9s train (adv_buf=212588, policy_buf=1604396, wall=58.2min, eta=64.1min)
21:55:48 [iter 120/250] 20.9s trav + 3.6s train (adv_buf=213919, policy_buf=1615635, wall=58.6min, eta=63.5min)
22:01:44 [iter 121/250] 21.9s trav + 3.6s train (adv_buf=215192, policy_buf=1626660, wall=59.0min, eta=62.9min)
22:02:12 [iter 122/250] 23.8s trav + 3.5s train (adv_buf=217032, policy_buf=1638676, wall=59.5min, eta=62.4min)
22:19:06 [iter 123/250] 22.8s trav + 4.0s train (adv_buf=218418, policy_buf=1649787, wall=59.9min, eta=61.9min)
22:19:36 [iter 124/250] 26.1s trav + 3.9s train (adv_buf=219749, policy_buf=1661568, wall=60.4min, eta=61.4min)
22:22:16 [iter 125/250] 25.4s trav + 3.6s train (adv_buf=221070, policy_buf=1673378, wall=60.9min, eta=60.9min)
22:22:32 [iter 125] checkpoint -> iter_0125.pt
22:22:33   policy_reservoir unique-key by street: preflop=758331 flop=135753 turn=100798 river=107879 (total unique=1102761 / size=1673378 / capacity=3000000)
22:23:03 [iter 126/250] 27.0s trav + 3.0s train (adv_buf=222919, policy_buf=1686732, wall=61.7min, eta=60.7min)
22:25:12 [iter 127/250] 23.9s trav + 3.7s train (adv_buf=224403, policy_buf=1699251, wall=62.2min, eta=60.2min)
22:25:42 [iter 128/250] 25.9s trav + 3.4s train (adv_buf=225814, policy_buf=1711847, wall=62.6min, eta=59.7min)
22:30:18 [iter 129/250] 23.6s trav + 3.5s train (adv_buf=226954, policy_buf=1722808, wall=63.1min, eta=59.2min)
22:30:47 [iter 130/250] 25.8s trav + 3.6s train (adv_buf=228304, policy_buf=1735404, wall=63.6min, eta=58.7min)
23:02:10 [iter 131/250] 35.3s trav + 3.8s train (adv_buf=230125, policy_buf=1749284, wall=64.2min, eta=58.4min)
23:06:37 [iter 132/250] 28.3s trav + 3.6s train (adv_buf=231924, policy_buf=1762945, wall=64.8min, eta=57.9min)
23:07:03 [iter 133/250] 22.7s trav + 3.0s train (adv_buf=233562, policy_buf=1776693, wall=65.2min, eta=57.4min)
23:21:10 [iter 134/250] 30.5s trav + 3.5s train (adv_buf=235485, policy_buf=1790914, wall=65.8min, eta=56.9min)
23:30:29 [iter 135/250] 26.8s trav + 3.6s train (adv_buf=237127, policy_buf=1803600, wall=66.3min, eta=56.5min)
23:30:58 [iter 136/250] 25.7s trav + 3.4s train (adv_buf=238804, policy_buf=1816115, wall=66.8min, eta=56.0min)
23:50:20 [iter 137/250] 25.4s trav + 3.5s train (adv_buf=240013, policy_buf=1827122, wall=67.2min, eta=55.5min)
23:53:13 [iter 138/250] 29.8s trav + 3.4s train (adv_buf=241394, policy_buf=1840355, wall=67.8min, eta=55.0min)
23:53:34 [iter 139/250] 17.3s trav + 3.0s train (adv_buf=242581, policy_buf=1851211, wall=68.1min, eta=54.4min)
00:02:47 [iter 140/250] 25.6s trav + 3.6s train (adv_buf=244176, policy_buf=1864453, wall=68.6min, eta=53.9min)
00:08:44 [iter 141/250] 31.4s trav + 4.8s train (adv_buf=245506, policy_buf=1876330, wall=69.2min, eta=53.5min)
00:09:13 [iter 142/250] 25.6s trav + 3.6s train (adv_buf=246657, policy_buf=1888315, wall=69.7min, eta=53.0min)
00:48:11 [iter 143/250] 32.3s trav + 3.9s train (adv_buf=248252, policy_buf=1900523, wall=70.3min, eta=52.6min)
00:48:30 [iter 144/250] 16.3s trav + 2.9s train (adv_buf=249436, policy_buf=1911718, wall=70.6min, eta=52.0min)
00:54:10 [iter 145/250] 22.3s trav + 3.9s train (adv_buf=251064, policy_buf=1924334, wall=71.1min, eta=51.5min)
00:55:13 [iter 146/250] 27.9s trav + 4.3s train (adv_buf=252422, policy_buf=1937461, wall=71.6min, eta=51.0min)
00:55:42 [iter 147/250] 25.2s trav + 3.7s train (adv_buf=253893, policy_buf=1950060, wall=72.1min, eta=50.5min)
00:58:11 [iter 148/250] 24.2s trav + 4.0s train (adv_buf=255350, policy_buf=1961827, wall=72.6min, eta=50.0min)
01:08:19 [iter 149/250] 30.8s trav + 4.8s train (adv_buf=257090, policy_buf=1976687, wall=73.1min, eta=49.6min)
01:08:46 [iter 150/250] 23.3s trav + 3.5s train (adv_buf=258439, policy_buf=1989058, wall=73.6min, eta=49.1min)
01:11:36 [iter 150] checkpoint -> iter_0150.pt
01:11:37   policy_reservoir unique-key by street: preflop=906395 flop=154964 turn=108862 river=112780 (total unique=1283001 / size=1989058 / capacity=3000000)
01:12:01 [iter 151/250] 21.4s trav + 3.0s train (adv_buf=259702, policy_buf=2000560, wall=74.5min, eta=48.8min)
01:22:44 [iter 152/250] 15.1s trav + 3.1s train (adv_buf=260700, policy_buf=2010827, wall=74.8min, eta=48.2min)
01:23:04 [iter 153/250] 17.6s trav + 3.0s train (adv_buf=262167, policy_buf=2022960, wall=75.1min, eta=47.6min)
01:23:26 [iter 154/250] 18.4s trav + 3.0s train (adv_buf=263472, policy_buf=2035322, wall=75.5min, eta=47.0min)
01:33:45 [iter 155/250] 28.0s trav + 3.3s train (adv_buf=264679, policy_buf=2047804, wall=76.0min, eta=46.6min)
01:34:40 [iter 156/250] 29.8s trav + 3.4s train (adv_buf=266510, policy_buf=2062258, wall=76.5min, eta=46.1min)
01:35:06 [iter 157/250] 22.9s trav + 3.1s train (adv_buf=267932, policy_buf=2075091, wall=77.0min, eta=45.6min)
01:46:30 [iter 158/250] 27.8s trav + 3.5s train (adv_buf=269361, policy_buf=2088278, wall=77.5min, eta=45.1min)
01:50:58 [iter 159/250] 25.6s trav + 3.2s train (adv_buf=271267, policy_buf=2102438, wall=78.0min, eta=44.6min)
01:51:29 [iter 160/250] 26.8s trav + 3.5s train (adv_buf=272737, policy_buf=2115829, wall=78.5min, eta=44.1min)
01:53:38 [iter 161/250] 28.0s trav + 3.6s train (adv_buf=274264, policy_buf=2129107, wall=79.0min, eta=43.7min)
01:58:06 [iter 162/250] 24.3s trav + 3.9s train (adv_buf=275785, policy_buf=2141847, wall=79.5min, eta=43.2min)
01:58:41 [iter 163/250] 31.7s trav + 3.1s train (adv_buf=277792, policy_buf=2156943, wall=80.1min, eta=42.7min)
02:06:08 [iter 164/250] 21.7s trav + 3.3s train (adv_buf=279091, policy_buf=2168979, wall=80.5min, eta=42.2min)
02:08:48 [iter 165/250] 27.9s trav + 6.0s train (adv_buf=280774, policy_buf=2182140, wall=81.0min, eta=41.7min)
02:09:20 [iter 166/250] 28.5s trav + 3.4s train (adv_buf=282635, policy_buf=2196253, wall=81.6min, eta=41.3min)
02:27:52 [iter 167/250] 136.0s trav + 4.2s train (adv_buf=283773, policy_buf=2206777, wall=83.9min, eta=41.7min)
02:35:05 [iter 168/250] 27.0s trav + 3.9s train (adv_buf=285352, policy_buf=2218704, wall=84.4min, eta=41.2min)
02:35:35 [iter 169/250] 26.1s trav + 3.7s train (adv_buf=286631, policy_buf=2230813, wall=84.9min, eta=40.7min)
02:55:12 [iter 170/250] 23.5s trav + 3.8s train (adv_buf=287943, policy_buf=2242332, wall=85.4min, eta=40.2min)
02:55:38 [iter 171/250] 22.8s trav + 2.9s train (adv_buf=289452, policy_buf=2256583, wall=85.8min, eta=39.6min)
03:10:43 [iter 172/250] 20.8s trav + 3.3s train (adv_buf=290940, policy_buf=2269527, wall=86.2min, eta=39.1min)
03:43:38 [iter 173/250] 24.4s trav + 8.5s train (adv_buf=292792, policy_buf=2282458, wall=86.8min, eta=38.6min)
03:56:24 [iter 174/250] 33.2s trav + 2.9s train (adv_buf=294575, policy_buf=2296325, wall=87.4min, eta=38.2min)
04:30:04 [iter 175/250] 19.3s trav + 4.2s train (adv_buf=295963, policy_buf=2307856, wall=87.7min, eta=37.6min)
04:57:17 [iter 175] checkpoint -> iter_0175.pt
04:57:18   policy_reservoir unique-key by street: preflop=1053891 flop=173876 turn=116637 river=117061 (total unique=1461465 / size=2307856 / capacity=3000000)
05:30:20 [iter 176/250] 24.0s trav + 5.0s train (adv_buf=297680, policy_buf=2319861, wall=88.8min, eta=37.3min)
05:58:16 [iter 177/250] 29.5s trav + 4.0s train (adv_buf=299469, policy_buf=2333493, wall=89.3min, eta=36.8min)
06:31:44 [iter 178/250] 29.2s trav + 5.3s train (adv_buf=301088, policy_buf=2346323, wall=89.9min, eta=36.4min)
06:59:25 [iter 179/250] 35.8s trav + 3.7s train (adv_buf=302680, policy_buf=2359310, wall=90.6min, eta=35.9min)
07:27:55 [iter 180/250] 19.1s trav + 3.3s train (adv_buf=303933, policy_buf=2371206, wall=90.9min, eta=35.4min)
07:28:37 [iter 181/250] 37.9s trav + 3.2s train (adv_buf=305577, policy_buf=2384671, wall=91.6min, eta=34.9min)
08:00:04 [iter 182/250] 18.4s trav + 3.3s train (adv_buf=306977, policy_buf=2396159, wall=92.0min, eta=34.4min)
08:00:28 [iter 183/250] 20.7s trav + 3.1s train (adv_buf=308442, policy_buf=2408428, wall=92.4min, eta=33.8min)
08:26:57 [iter 184/250] 78.0s trav + 16.6s train (adv_buf=309615, policy_buf=2419559, wall=94.0min, eta=33.7min)
08:27:34 [iter 185/250] 34.1s trav + 3.2s train (adv_buf=311267, policy_buf=2432263, wall=94.6min, eta=33.2min)
08:28:02 [iter 186/250] 24.7s trav + 3.0s train (adv_buf=313544, policy_buf=2447446, wall=95.0min, eta=32.7min)
08:28:24 [iter 187/250] 19.3s trav + 2.9s train (adv_buf=315044, policy_buf=2459650, wall=95.4min, eta=32.1min)
08:28:44 [iter 188/250] 16.3s trav + 3.3s train (adv_buf=316365, policy_buf=2471146, wall=95.7min, eta=31.6min)
08:29:05 [iter 189/250] 18.5s trav + 3.0s train (adv_buf=317722, policy_buf=2483358, wall=96.1min, eta=31.0min)
08:29:27 [iter 190/250] 18.5s trav + 3.0s train (adv_buf=319071, policy_buf=2495419, wall=96.5min, eta=30.5min)
08:29:49 [iter 191/250] 19.5s trav + 3.2s train (adv_buf=320670, policy_buf=2508090, wall=96.8min, eta=29.9min)
08:30:09 [iter 192/250] 16.9s trav + 3.1s train (adv_buf=321894, policy_buf=2518889, wall=97.2min, eta=29.4min)
08:30:35 [iter 193/250] 22.9s trav + 3.1s train (adv_buf=323269, policy_buf=2531728, wall=97.6min, eta=28.8min)
08:30:57 [iter 194/250] 18.7s trav + 3.0s train (adv_buf=324668, policy_buf=2543251, wall=98.0min, eta=28.3min)
08:31:18 [iter 195/250] 18.6s trav + 3.0s train (adv_buf=326230, policy_buf=2555281, wall=98.3min, eta=27.7min)
08:31:39 [iter 196/250] 17.9s trav + 3.1s train (adv_buf=327595, policy_buf=2567529, wall=98.7min, eta=27.2min)
08:32:04 [iter 197/250] 21.8s trav + 3.1s train (adv_buf=329319, policy_buf=2581026, wall=99.1min, eta=26.7min)
08:32:26 [iter 198/250] 16.9s trav + 4.7s train (adv_buf=330368, policy_buf=2591211, wall=99.4min, eta=26.1min)
08:32:53 [iter 199/250] 24.2s trav + 2.9s train (adv_buf=331798, policy_buf=2602875, wall=99.9min, eta=25.6min)
08:33:12 [iter 200/250] 16.5s trav + 2.9s train (adv_buf=333010, policy_buf=2614455, wall=100.2min, eta=25.1min)
08:33:30 [iter 200] checkpoint -> iter_0200.pt
08:33:30   policy_reservoir unique-key by street: preflop=1185799 flop=191880 turn=124350 river=121837 (total unique=1623866 / size=2614455 / capacity=3000000)
08:33:50 [iter 201/250] 16.9s trav + 3.2s train (adv_buf=334373, policy_buf=2626399, wall=100.9min, eta=24.6min)
08:34:08 [iter 202/250] 14.7s trav + 2.9s train (adv_buf=335522, policy_buf=2636915, wall=101.1min, eta=24.0min)
08:34:29 [iter 203/250] 18.5s trav + 2.9s train (adv_buf=336954, policy_buf=2649324, wall=101.5min, eta=23.5min)
08:34:50 [iter 204/250] 17.6s trav + 3.1s train (adv_buf=338547, policy_buf=2661748, wall=101.8min, eta=23.0min)
08:35:12 [iter 205/250] 18.9s trav + 2.9s train (adv_buf=340120, policy_buf=2675019, wall=102.2min, eta=22.4min)
08:35:33 [iter 206/250] 18.1s trav + 2.9s train (adv_buf=341668, policy_buf=2687610, wall=102.6min, eta=21.9min)
08:35:54 [iter 207/250] 18.0s trav + 2.9s train (adv_buf=343148, policy_buf=2700194, wall=102.9min, eta=21.4min)
08:36:12 [iter 208/250] 16.0s trav + 2.9s train (adv_buf=344402, policy_buf=2711147, wall=103.2min, eta=20.8min)
08:36:33 [iter 209/250] 17.8s trav + 2.8s train (adv_buf=345832, policy_buf=2723086, wall=103.6min, eta=20.3min)
08:36:55 [iter 210/250] 19.1s trav + 3.0s train (adv_buf=347367, policy_buf=2735810, wall=103.9min, eta=19.8min)
08:37:18 [iter 211/250] 19.9s trav + 3.1s train (adv_buf=348920, policy_buf=2749064, wall=104.3min, eta=19.3min)
08:37:41 [iter 212/250] 19.9s trav + 2.9s train (adv_buf=350810, policy_buf=2762327, wall=104.7min, eta=18.8min)
08:38:05 [iter 213/250] 21.0s trav + 2.9s train (adv_buf=352633, policy_buf=2776263, wall=105.1min, eta=18.3min)
08:38:27 [iter 214/250] 18.7s trav + 3.0s train (adv_buf=354222, policy_buf=2788880, wall=105.5min, eta=17.7min)
08:38:45 [iter 215/250] 15.5s trav + 2.9s train (adv_buf=355347, policy_buf=2800066, wall=105.8min, eta=17.2min)
08:39:05 [iter 216/250] 17.3s trav + 2.9s train (adv_buf=356692, policy_buf=2811831, wall=106.1min, eta=16.7min)
08:39:26 [iter 217/250] 18.3s trav + 2.9s train (adv_buf=357991, policy_buf=2824109, wall=106.5min, eta=16.2min)
08:39:49 [iter 218/250] 19.6s trav + 3.2s train (adv_buf=359615, policy_buf=2837362, wall=106.8min, eta=15.7min)
08:40:08 [iter 219/250] 15.7s trav + 2.9s train (adv_buf=360897, policy_buf=2848379, wall=107.1min, eta=15.2min)
08:40:28 [iter 220/250] 17.8s trav + 3.0s train (adv_buf=362250, policy_buf=2860599, wall=107.5min, eta=14.7min)
08:40:50 [iter 221/250] 18.8s trav + 3.1s train (adv_buf=363752, policy_buf=2873645, wall=107.9min, eta=14.2min)
08:41:13 [iter 222/250] 19.5s trav + 2.9s train (adv_buf=365636, policy_buf=2886761, wall=108.2min, eta=13.7min)
08:41:38 [iter 223/250] 21.8s trav + 2.9s train (adv_buf=367404, policy_buf=2901151, wall=108.6min, eta=13.2min)
08:41:59 [iter 224/250] 18.3s trav + 2.9s train (adv_buf=368787, policy_buf=2913285, wall=109.0min, eta=12.7min)
08:42:18 [iter 225/250] 15.8s trav + 2.9s train (adv_buf=370034, policy_buf=2924537, wall=109.3min, eta=12.1min)
08:42:31 [iter 225] checkpoint -> iter_0225.pt
08:42:32   policy_reservoir unique-key by street: preflop=1318545 flop=209445 turn=132132 river=126338 (total unique=1786460 / size=2924537 / capacity=3000000)
08:42:53 [iter 226/250] 18.4s trav + 3.1s train (adv_buf=371307, policy_buf=2936792, wall=109.9min, eta=11.7min)
08:43:16 [iter 227/250] 20.1s trav + 2.8s train (adv_buf=373052, policy_buf=2950288, wall=110.3min, eta=11.2min)
08:43:43 [iter 228/250] 24.0s trav + 2.9s train (adv_buf=375561, policy_buf=2965746, wall=110.7min, eta=10.7min)
08:44:05 [iter 229/250] 19.1s trav + 2.9s train (adv_buf=376990, policy_buf=2978821, wall=111.1min, eta=10.2min)
08:44:28 [iter 230/250] 19.9s trav + 2.9s train (adv_buf=378504, policy_buf=2992236, wall=111.5min, eta=9.7min)
08:44:50 [iter 231/250] 18.4s trav + 4.3s train (adv_buf=379667, policy_buf=3000000, wall=111.9min, eta=9.2min)
08:45:20 [iter 232/250] 26.5s trav + 3.0s train (adv_buf=380953, policy_buf=3000000, wall=112.3min, eta=8.7min)
08:45:45 [iter 233/250] 22.4s trav + 3.0s train (adv_buf=382675, policy_buf=3000000, wall=112.8min, eta=8.2min)
08:46:09 [iter 234/250] 20.8s trav + 3.3s train (adv_buf=384371, policy_buf=3000000, wall=113.2min, eta=7.7min)
08:46:38 [iter 235/250] 25.5s trav + 2.9s train (adv_buf=386490, policy_buf=3000000, wall=113.6min, eta=7.3min)
08:47:00 [iter 236/250] 18.9s trav + 3.1s train (adv_buf=387878, policy_buf=3000000, wall=114.0min, eta=6.8min)
08:47:36 [iter 237/250] 31.8s trav + 4.8s train (adv_buf=389486, policy_buf=3000000, wall=114.6min, eta=6.3min)
08:48:04 [iter 238/250] 24.2s trav + 2.9s train (adv_buf=390827, policy_buf=3000000, wall=115.1min, eta=5.8min)
08:48:28 [iter 239/250] 21.9s trav + 3.0s train (adv_buf=392473, policy_buf=3000000, wall=115.5min, eta=5.3min)
08:48:49 [iter 240/250] 17.5s trav + 3.1s train (adv_buf=393952, policy_buf=3000000, wall=115.8min, eta=4.8min)
08:49:16 [iter 241/250] 24.3s trav + 3.0s train (adv_buf=395922, policy_buf=3000000, wall=116.3min, eta=4.3min)
08:49:54 [iter 242/250] 34.3s trav + 3.0s train (adv_buf=397325, policy_buf=3000000, wall=116.9min, eta=3.9min)
08:50:14 [iter 243/250] 17.1s trav + 3.2s train (adv_buf=398728, policy_buf=3000000, wall=117.2min, eta=3.4min)
08:50:38 [iter 244/250] 21.7s trav + 2.9s train (adv_buf=400352, policy_buf=3000000, wall=117.7min, eta=2.9min)
08:51:06 [iter 245/250] 24.5s trav + 2.9s train (adv_buf=402379, policy_buf=3000000, wall=118.1min, eta=2.4min)
08:51:52 [iter 246/250] 42.9s trav + 3.3s train (adv_buf=404261, policy_buf=3000000, wall=118.9min, eta=1.9min)
08:52:23 [iter 247/250] 27.8s trav + 3.2s train (adv_buf=405921, policy_buf=3000000, wall=119.4min, eta=1.5min)
08:52:50 [iter 248/250] 23.4s trav + 3.0s train (adv_buf=407724, policy_buf=3000000, wall=119.8min, eta=1.0min)
08:53:11 [iter 249/250] 18.5s trav + 3.0s train (adv_buf=409040, policy_buf=3000000, wall=120.2min, eta=0.5min)
08:53:36 [iter 250/250] 22.1s trav + 3.0s train (adv_buf=410546, policy_buf=3000000, wall=120.6min, eta=0.0min)
08:53:57 [iter 250] checkpoint -> iter_0250.pt
08:53:57   policy_reservoir unique-key by street: preflop=1368312 flop=212271 turn=130043 river=121929 (total unique=1832555 / size=3000000 / capacity=3000000)
08:53:57 training advantage phase done; entering policy-net training
08:55:16 policy-net training done in 78.4s
08:55:16 TRAINING COMPLETE — total wall-clock 122.28 min
08:55:16 trainer.train returned after 122.3min
08:55:16 lookup stats: {'hits_exact': 46366, 'hits_lru': 1207183, 'misses': 73530} (total=1327079, hit_rate=0.945, lru_size=73530/2000000)
08:55:16 exporting strategy -> sqlite:///strategy-pilot-v2-9max.db (version=1)
Traceback (most recent call last):
  File "/Users/joshuatseppich/projects/decision-db/scripts/launch_pilot_training.py", line 171, in <module>
    sys.exit(main())
             ^^^^^^
  File "/Users/joshuatseppich/projects/decision-db/scripts/launch_pilot_training.py", line 161, in main
    db = open_db(args.db)
         ^^^^^^^^^^^^^^^^
  File "/Users/joshuatseppich/projects/decision-db/src/pokerbot/strategy_db/__init__.py", line 42, in open_db
    return SQLiteStrategyDB(path)
           ^^^^^^^^^^^^^^^^^^^^^^
  File "/Users/joshuatseppich/projects/decision-db/src/pokerbot/strategy_db/sqlite.py", line 34, in __init__
    self._conn: sqlite3.Connection | None = sqlite3.connect(path)
                                            ^^^^^^^^^^^^^^^^^^^^^
sqlite3.OperationalError: unable to open database file
